{"timestamp":"2026-04-21T18:35:45.127969Z","level":"info","event":"DAG bundles loaded: dags-folder","logger":"airflow.dag_processing.bundles.manager.DagBundlesManager","filename":"manager.py","lineno":179}
{"timestamp":"2026-04-21T18:35:45.128985Z","level":"info","event":"Filling up the DagBag from /opt/airflow/dags/training_pipeline.py","logger":"airflow.models.dagbag.BundleDagBag","filename":"dagbag.py","lineno":593}
{"timestamp":"2026-04-21T18:35:46.555833Z","level":"warning","event":"The `airflow.models.param.Param` attribute is deprecated. Please use `'airflow.sdk.Param'`.","category":"DeprecatedImportWarning","filename":"/opt/airflow/dags/training_pipeline.py","lineno":7,"logger":"py.warnings"}
{"timestamp":"2026-04-21T18:35:46.556029Z","level":"warning","event":"The `airflow.operators.python.PythonOperator` attribute is deprecated. Please use `'airflow.providers.standard.operators.python.PythonOperator'`.","category":"DeprecatedImportWarning","filename":"/opt/airflow/dags/training_pipeline.py","lineno":9,"logger":"py.warnings"}
{"timestamp":"2026-04-21T18:35:46.556133Z","level":"warning","event":"urllib3 (2.6.3) or chardet (6.0.0.post1)/charset_normalizer (3.4.5) doesn't match a supported version!","category":"RequestsDependencyWarning","filename":"/home/airflow/.local/lib/python3.12/site-packages/requests/__init__.py","lineno":113,"logger":"py.warnings"}
{"timestamp":"2026-04-21T18:35:46.567693Z","level":"info","event":"Stats instance was created in PID 51 but accessed in PID 126. Re-initializing.","logger":"airflow.stats","filename":"stats.py","lineno":57}
{"timestamp":"2026-04-21T18:35:46.599917Z","level":"info","event":"Tmp dir root location: /tmp","logger":"airflow.task.hooks.airflow.providers.standard.hooks.subprocess.SubprocessHook","filename":"subprocess.py","lineno":78}
{"timestamp":"2026-04-21T18:35:46.600742Z","level":"info","event":"Running command: ['/usr/bin/bash', '-c', 'python /opt/airflow/src/register_model.py']","logger":"airflow.task.hooks.airflow.providers.standard.hooks.subprocess.SubprocessHook","filename":"subprocess.py","lineno":80}
{"timestamp":"2026-04-21T18:35:46.601276Z","level":"info","event":"Output:","logger":"airflow.task.hooks.airflow.providers.standard.hooks.subprocess.SubprocessHook","filename":"subprocess.py","lineno":92}
{"timestamp":"2026-04-21T18:35:47.006147Z","level":"info","event":"/home/airflow/.local/lib/python3.12/site-packages/requests/__init__.py:113: RequestsDependencyWarning: urllib3 (2.6.3) or chardet (6.0.0.post1)/charset_normalizer (3.4.5) doesn't match a supported version!","logger":"airflow.task.hooks.airflow.providers.standard.hooks.subprocess.SubprocessHook","filename":"subprocess.py","lineno":99}
{"timestamp":"2026-04-21T18:35:47.006359Z","level":"info","event":"  warnings.warn(","logger":"airflow.task.hooks.airflow.providers.standard.hooks.subprocess.SubprocessHook","filename":"subprocess.py","lineno":99}
{"timestamp":"2026-04-21T18:35:48.459834Z","level":"info","event":"Registered model 'SiameseFaceRecognition' already exists. Creating a new version of this model...","logger":"airflow.task.hooks.airflow.providers.standard.hooks.subprocess.SubprocessHook","filename":"subprocess.py","lineno":99}
{"timestamp":"2026-04-21T18:35:48.487522Z","level":"info","event":"2026/04/21 18:35:48 INFO mlflow.store.model_registry.abstract_store: Waiting up to 300 seconds for model version to finish creation. Model name: SiameseFaceRecognition, version 4","logger":"airflow.task.hooks.airflow.providers.standard.hooks.subprocess.SubprocessHook","filename":"subprocess.py","lineno":99}
{"timestamp":"2026-04-21T18:35:48.487664Z","level":"info","event":"Created version '4' of model 'SiameseFaceRecognition'.","logger":"airflow.task.hooks.airflow.providers.standard.hooks.subprocess.SubprocessHook","filename":"subprocess.py","lineno":99}
{"timestamp":"2026-04-21T18:35:48.487807Z","level":"info","event":"/opt/airflow/src/register_model.py:24: FutureWarning: ``mlflow.tracking.client.MlflowClient.transition_model_version_stage`` is deprecated since 2.9.0. Model registry stages will be removed in a future major release. To learn more about the deprecation of model registry stages, see our migration guide here: https://mlflow.org/docs/2.11.1/model-registry.html#migrating-from-stages","logger":"airflow.task.hooks.airflow.providers.standard.hooks.subprocess.SubprocessHook","filename":"subprocess.py","lineno":99}
{"timestamp":"2026-04-21T18:35:48.487850Z","level":"info","event":"  client.transition_model_version_stage(","logger":"airflow.task.hooks.airflow.providers.standard.hooks.subprocess.SubprocessHook","filename":"subprocess.py","lineno":99}
{"timestamp":"2026-04-21T18:35:48.503421Z","level":"info","event":"Registering best model from sweep:","logger":"airflow.task.hooks.airflow.providers.standard.hooks.subprocess.SubprocessHook","filename":"subprocess.py","lineno":99}
{"timestamp":"2026-04-21T18:35:48.503559Z","level":"info","event":"  run_id    : d5b178cd34cd4b599587731caa94ceb5","logger":"airflow.task.hooks.airflow.providers.standard.hooks.subprocess.SubprocessHook","filename":"subprocess.py","lineno":99}
{"timestamp":"2026-04-21T18:35:48.503602Z","level":"info","event":"  val_loss  : 0.4179","logger":"airflow.task.hooks.airflow.providers.standard.hooks.subprocess.SubprocessHook","filename":"subprocess.py","lineno":99}
{"timestamp":"2026-04-21T18:35:48.503642Z","level":"info","event":"  params    : {'learning_rate': 0.001, 'margin': 0.5, 'triplet_mining': 'semi', 'warmup_epochs': 29}","logger":"airflow.task.hooks.airflow.providers.standard.hooks.subprocess.SubprocessHook","filename":"subprocess.py","lineno":99}
{"timestamp":"2026-04-21T18:35:48.503672Z","level":"info","event":"Model version 4 promoted to Production","logger":"airflow.task.hooks.airflow.providers.standard.hooks.subprocess.SubprocessHook","filename":"subprocess.py","lineno":99}
{"timestamp":"2026-04-21T18:35:48.729899Z","level":"info","event":"Command exited with return code 0","logger":"airflow.task.hooks.airflow.providers.standard.hooks.subprocess.SubprocessHook","filename":"subprocess.py","lineno":103}
{"timestamp":"2026-04-21T18:35:48.730709Z","level":"info","event":"Pushing xcom","ti":"RuntimeTaskInstance(id=UUID('019db130-3b84-79a3-9743-1b7f4f150fbb'), task_id='register_model', dag_id='face_recognition_pipeline', run_id='manual__2026-04-21T17:57:01.418705+00:00', try_number=1, dag_version_id=UUID('019daff6-b930-744d-ab63-35d4231be875'), map_index=-1, hostname='cdb96e1766ad', context_carrier={}, task=<Task(BashOperator): register_model>, bundle_instance=LocalDagBundle(name=dags-folder), max_tries=1, start_date=datetime.datetime(2026, 4, 21, 18, 35, 45, 86406, tzinfo=datetime.timezone.utc), end_date=None, state=<TaskInstanceState.RUNNING: 'running'>, is_mapped=False, rendered_map_index=None)","logger":"task","filename":"task_runner.py","lineno":1573}
