{"timestamp":"2026-04-21T11:01:10.147749Z","level":"info","event":"DAG bundles loaded: dags-folder","logger":"airflow.dag_processing.bundles.manager.DagBundlesManager","filename":"manager.py","lineno":179}
{"timestamp":"2026-04-21T11:01:10.151318Z","level":"info","event":"Filling up the DagBag from /opt/airflow/dags/training_pipeline.py","logger":"airflow.models.dagbag.BundleDagBag","filename":"dagbag.py","lineno":593}
{"timestamp":"2026-04-21T11:01:10.746483Z","level":"warning","event":"The `airflow.models.param.Param` attribute is deprecated. Please use `'airflow.sdk.Param'`.","category":"DeprecatedImportWarning","filename":"/opt/airflow/dags/training_pipeline.py","lineno":3,"logger":"py.warnings"}
{"timestamp":"2026-04-21T11:01:10.746690Z","level":"warning","event":"urllib3 (2.6.3) or chardet (6.0.0.post1)/charset_normalizer (3.4.5) doesn't match a supported version!","category":"RequestsDependencyWarning","filename":"/home/airflow/.local/lib/python3.12/site-packages/requests/__init__.py","lineno":113,"logger":"py.warnings"}
{"timestamp":"2026-04-21T11:01:10.771182Z","level":"info","event":"Stats instance was created in PID 51 but accessed in PID 100. Re-initializing.","logger":"airflow.stats","filename":"stats.py","lineno":57}
{"timestamp":"2026-04-21T11:01:10.818973Z","level":"info","event":"Tmp dir root location: /tmp","logger":"airflow.task.hooks.airflow.providers.standard.hooks.subprocess.SubprocessHook","filename":"subprocess.py","lineno":78}
{"timestamp":"2026-04-21T11:01:10.823403Z","level":"info","event":"Running command: ['/usr/bin/bash', '-c', 'python /opt/airflow/src/register_model.py']","logger":"airflow.task.hooks.airflow.providers.standard.hooks.subprocess.SubprocessHook","filename":"subprocess.py","lineno":80}
{"timestamp":"2026-04-21T11:01:10.825838Z","level":"info","event":"Output:","logger":"airflow.task.hooks.airflow.providers.standard.hooks.subprocess.SubprocessHook","filename":"subprocess.py","lineno":92}
{"timestamp":"2026-04-21T11:01:11.481248Z","level":"info","event":"/home/airflow/.local/lib/python3.12/site-packages/requests/__init__.py:113: RequestsDependencyWarning: urllib3 (2.6.3) or chardet (6.0.0.post1)/charset_normalizer (3.4.5) doesn't match a supported version!","logger":"airflow.task.hooks.airflow.providers.standard.hooks.subprocess.SubprocessHook","filename":"subprocess.py","lineno":99}
{"timestamp":"2026-04-21T11:01:11.481418Z","level":"info","event":"  warnings.warn(","logger":"airflow.task.hooks.airflow.providers.standard.hooks.subprocess.SubprocessHook","filename":"subprocess.py","lineno":99}
{"timestamp":"2026-04-21T11:01:15.472708Z","level":"info","event":"Registered model 'SiameseFaceRecognition' already exists. Creating a new version of this model...","logger":"airflow.task.hooks.airflow.providers.standard.hooks.subprocess.SubprocessHook","filename":"subprocess.py","lineno":99}
{"timestamp":"2026-04-21T11:01:15.533061Z","level":"info","event":"2026/04/21 11:01:15 INFO mlflow.store.model_registry.abstract_store: Waiting up to 300 seconds for model version to finish creation. Model name: SiameseFaceRecognition, version 2","logger":"airflow.task.hooks.airflow.providers.standard.hooks.subprocess.SubprocessHook","filename":"subprocess.py","lineno":99}
{"timestamp":"2026-04-21T11:01:15.533260Z","level":"info","event":"Created version '2' of model 'SiameseFaceRecognition'.","logger":"airflow.task.hooks.airflow.providers.standard.hooks.subprocess.SubprocessHook","filename":"subprocess.py","lineno":99}
{"timestamp":"2026-04-21T11:01:15.533687Z","level":"info","event":"/opt/airflow/src/register_model.py:24: FutureWarning: ``mlflow.tracking.client.MlflowClient.transition_model_version_stage`` is deprecated since 2.9.0. Model registry stages will be removed in a future major release. To learn more about the deprecation of model registry stages, see our migration guide here: https://mlflow.org/docs/2.11.1/model-registry.html#migrating-from-stages","logger":"airflow.task.hooks.airflow.providers.standard.hooks.subprocess.SubprocessHook","filename":"subprocess.py","lineno":99}
{"timestamp":"2026-04-21T11:01:15.533842Z","level":"info","event":"  client.transition_model_version_stage(","logger":"airflow.task.hooks.airflow.providers.standard.hooks.subprocess.SubprocessHook","filename":"subprocess.py","lineno":99}
{"timestamp":"2026-04-21T11:01:15.565627Z","level":"info","event":"Registering best model from sweep:","logger":"airflow.task.hooks.airflow.providers.standard.hooks.subprocess.SubprocessHook","filename":"subprocess.py","lineno":99}
{"timestamp":"2026-04-21T11:01:15.565835Z","level":"info","event":"  run_id    : e4cf21a4da5646339b183581cef5939e","logger":"airflow.task.hooks.airflow.providers.standard.hooks.subprocess.SubprocessHook","filename":"subprocess.py","lineno":99}
{"timestamp":"2026-04-21T11:01:15.565939Z","level":"info","event":"  val_loss  : 0.3671","logger":"airflow.task.hooks.airflow.providers.standard.hooks.subprocess.SubprocessHook","filename":"subprocess.py","lineno":99}
{"timestamp":"2026-04-21T11:01:15.566023Z","level":"info","event":"  params    : {'learning_rate': 0.0009044695189353584, 'margin': 0.43242610747877774, 'triplet_mining': 'all', 'warmup_epochs': 1}","logger":"airflow.task.hooks.airflow.providers.standard.hooks.subprocess.SubprocessHook","filename":"subprocess.py","lineno":99}
{"timestamp":"2026-04-21T11:01:15.566108Z","level":"info","event":"Model version 2 promoted to Production","logger":"airflow.task.hooks.airflow.providers.standard.hooks.subprocess.SubprocessHook","filename":"subprocess.py","lineno":99}
{"timestamp":"2026-04-21T11:01:15.828126Z","level":"info","event":"Command exited with return code 0","logger":"airflow.task.hooks.airflow.providers.standard.hooks.subprocess.SubprocessHook","filename":"subprocess.py","lineno":103}
{"timestamp":"2026-04-21T11:01:15.829773Z","level":"info","event":"Pushing xcom","ti":"RuntimeTaskInstance(id=UUID('019daeff-cc13-7215-a446-a94e70a8bf22'), task_id='register_model', dag_id='face_recognition_pipeline', run_id='manual__2026-04-21T07:44:52.732261+00:00', try_number=1, dag_version_id=UUID('019dac98-5800-7207-be0b-a19cce204541'), map_index=-1, hostname='a34e2a8b798b', context_carrier={}, task=<Task(BashOperator): register_model>, bundle_instance=LocalDagBundle(name=dags-folder), max_tries=1, start_date=datetime.datetime(2026, 4, 21, 11, 1, 10, 71330, tzinfo=datetime.timezone.utc), end_date=None, state=<TaskInstanceState.RUNNING: 'running'>, is_mapped=False, rendered_map_index=None)","logger":"task","filename":"task_runner.py","lineno":1573}
