{"timestamp":"2026-04-21T12:36:20.211882Z","level":"info","event":"DAG bundles loaded: dags-folder","logger":"airflow.dag_processing.bundles.manager.DagBundlesManager","filename":"manager.py","lineno":179}
{"timestamp":"2026-04-21T12:36:20.213317Z","level":"info","event":"Filling up the DagBag from /opt/airflow/dags/training_pipeline.py","logger":"airflow.models.dagbag.BundleDagBag","filename":"dagbag.py","lineno":593}
{"timestamp":"2026-04-21T12:36:21.419135Z","level":"warning","event":"The `airflow.models.param.Param` attribute is deprecated. Please use `'airflow.sdk.Param'`.","category":"DeprecatedImportWarning","filename":"/opt/airflow/dags/training_pipeline.py","lineno":7,"logger":"py.warnings"}
{"timestamp":"2026-04-21T12:36:21.419291Z","level":"warning","event":"The `airflow.operators.python.PythonOperator` attribute is deprecated. Please use `'airflow.providers.standard.operators.python.PythonOperator'`.","category":"DeprecatedImportWarning","filename":"/opt/airflow/dags/training_pipeline.py","lineno":9,"logger":"py.warnings"}
{"timestamp":"2026-04-21T12:36:21.419372Z","level":"warning","event":"urllib3 (2.6.3) or chardet (6.0.0.post1)/charset_normalizer (3.4.5) doesn't match a supported version!","category":"RequestsDependencyWarning","filename":"/home/airflow/.local/lib/python3.12/site-packages/requests/__init__.py","lineno":113,"logger":"py.warnings"}
{"timestamp":"2026-04-21T12:36:21.428028Z","level":"info","event":"Stats instance was created in PID 51 but accessed in PID 144. Re-initializing.","logger":"airflow.stats","filename":"stats.py","lineno":57}
{"timestamp":"2026-04-21T12:36:21.459741Z","level":"info","event":"Tmp dir root location: /tmp","logger":"airflow.task.hooks.airflow.providers.standard.hooks.subprocess.SubprocessHook","filename":"subprocess.py","lineno":78}
{"timestamp":"2026-04-21T12:36:21.464761Z","level":"info","event":"Running command: ['/usr/bin/bash', '-c', 'python /opt/airflow/src/register_model.py']","logger":"airflow.task.hooks.airflow.providers.standard.hooks.subprocess.SubprocessHook","filename":"subprocess.py","lineno":80}
{"timestamp":"2026-04-21T12:36:21.465360Z","level":"info","event":"Output:","logger":"airflow.task.hooks.airflow.providers.standard.hooks.subprocess.SubprocessHook","filename":"subprocess.py","lineno":92}
{"timestamp":"2026-04-21T12:36:21.738713Z","level":"info","event":"/home/airflow/.local/lib/python3.12/site-packages/requests/__init__.py:113: RequestsDependencyWarning: urllib3 (2.6.3) or chardet (6.0.0.post1)/charset_normalizer (3.4.5) doesn't match a supported version!","logger":"airflow.task.hooks.airflow.providers.standard.hooks.subprocess.SubprocessHook","filename":"subprocess.py","lineno":99}
{"timestamp":"2026-04-21T12:36:21.738904Z","level":"info","event":"  warnings.warn(","logger":"airflow.task.hooks.airflow.providers.standard.hooks.subprocess.SubprocessHook","filename":"subprocess.py","lineno":99}
{"timestamp":"2026-04-21T12:36:22.897619Z","level":"info","event":"Successfully registered model 'SiameseFaceRecognition'.","logger":"airflow.task.hooks.airflow.providers.standard.hooks.subprocess.SubprocessHook","filename":"subprocess.py","lineno":99}
{"timestamp":"2026-04-21T12:36:22.925700Z","level":"info","event":"2026/04/21 12:36:22 INFO mlflow.store.model_registry.abstract_store: Waiting up to 300 seconds for model version to finish creation. Model name: SiameseFaceRecognition, version 1","logger":"airflow.task.hooks.airflow.providers.standard.hooks.subprocess.SubprocessHook","filename":"subprocess.py","lineno":99}
{"timestamp":"2026-04-21T12:36:22.925831Z","level":"info","event":"Created version '1' of model 'SiameseFaceRecognition'.","logger":"airflow.task.hooks.airflow.providers.standard.hooks.subprocess.SubprocessHook","filename":"subprocess.py","lineno":99}
{"timestamp":"2026-04-21T12:36:22.926081Z","level":"info","event":"/opt/airflow/src/register_model.py:24: FutureWarning: ``mlflow.tracking.client.MlflowClient.transition_model_version_stage`` is deprecated since 2.9.0. Model registry stages will be removed in a future major release. To learn more about the deprecation of model registry stages, see our migration guide here: https://mlflow.org/docs/2.11.1/model-registry.html#migrating-from-stages","logger":"airflow.task.hooks.airflow.providers.standard.hooks.subprocess.SubprocessHook","filename":"subprocess.py","lineno":99}
{"timestamp":"2026-04-21T12:36:22.926173Z","level":"info","event":"  client.transition_model_version_stage(","logger":"airflow.task.hooks.airflow.providers.standard.hooks.subprocess.SubprocessHook","filename":"subprocess.py","lineno":99}
{"timestamp":"2026-04-21T12:36:22.941455Z","level":"info","event":"Registering best model from sweep:","logger":"airflow.task.hooks.airflow.providers.standard.hooks.subprocess.SubprocessHook","filename":"subprocess.py","lineno":99}
{"timestamp":"2026-04-21T12:36:22.941578Z","level":"info","event":"  run_id    : f8d772adbb5d434db9b93b0e087207df","logger":"airflow.task.hooks.airflow.providers.standard.hooks.subprocess.SubprocessHook","filename":"subprocess.py","lineno":99}
{"timestamp":"2026-04-21T12:36:22.941612Z","level":"info","event":"  val_loss  : 0.8680","logger":"airflow.task.hooks.airflow.providers.standard.hooks.subprocess.SubprocessHook","filename":"subprocess.py","lineno":99}
{"timestamp":"2026-04-21T12:36:22.941642Z","level":"info","event":"  params    : {'learning_rate': 0.00883611698919509, 'margin': 0.8625658982989362, 'triplet_mining': 'hard', 'warmup_epochs': 2}","logger":"airflow.task.hooks.airflow.providers.standard.hooks.subprocess.SubprocessHook","filename":"subprocess.py","lineno":99}
{"timestamp":"2026-04-21T12:36:22.941668Z","level":"info","event":"Model version 1 promoted to Production","logger":"airflow.task.hooks.airflow.providers.standard.hooks.subprocess.SubprocessHook","filename":"subprocess.py","lineno":99}
{"timestamp":"2026-04-21T12:36:23.125194Z","level":"info","event":"Command exited with return code 0","logger":"airflow.task.hooks.airflow.providers.standard.hooks.subprocess.SubprocessHook","filename":"subprocess.py","lineno":103}
{"timestamp":"2026-04-21T12:36:23.125796Z","level":"info","event":"Pushing xcom","ti":"RuntimeTaskInstance(id=UUID('019db008-034b-7ed0-8f97-3685b352df22'), task_id='register_model', dag_id='face_recognition_pipeline', run_id='manual__2026-04-21T12:33:28.360089+00:00', try_number=1, dag_version_id=UUID('019daff6-b930-744d-ab63-35d4231be875'), map_index=-1, hostname='992d1b14055f', context_carrier={}, task=<Task(BashOperator): register_model>, bundle_instance=LocalDagBundle(name=dags-folder), max_tries=1, start_date=datetime.datetime(2026, 4, 21, 12, 36, 20, 178596, tzinfo=datetime.timezone.utc), end_date=None, state=<TaskInstanceState.RUNNING: 'running'>, is_mapped=False, rendered_map_index=None)","logger":"task","filename":"task_runner.py","lineno":1573}
