{"timestamp":"2026-04-21T13:09:40.473045Z","level":"info","event":"DAG bundles loaded: dags-folder","logger":"airflow.dag_processing.bundles.manager.DagBundlesManager","filename":"manager.py","lineno":179}
{"timestamp":"2026-04-21T13:09:40.473519Z","level":"info","event":"Filling up the DagBag from /opt/airflow/dags/training_pipeline.py","logger":"airflow.models.dagbag.BundleDagBag","filename":"dagbag.py","lineno":593}
{"timestamp":"2026-04-21T13:09:41.319375Z","level":"warning","event":"The `airflow.models.param.Param` attribute is deprecated. Please use `'airflow.sdk.Param'`.","category":"DeprecatedImportWarning","filename":"/opt/airflow/dags/training_pipeline.py","lineno":7,"logger":"py.warnings"}
{"timestamp":"2026-04-21T13:09:41.319463Z","level":"warning","event":"The `airflow.operators.python.PythonOperator` attribute is deprecated. Please use `'airflow.providers.standard.operators.python.PythonOperator'`.","category":"DeprecatedImportWarning","filename":"/opt/airflow/dags/training_pipeline.py","lineno":9,"logger":"py.warnings"}
{"timestamp":"2026-04-21T13:09:41.319511Z","level":"warning","event":"urllib3 (2.6.3) or chardet (6.0.0.post1)/charset_normalizer (3.4.5) doesn't match a supported version!","category":"RequestsDependencyWarning","filename":"/home/airflow/.local/lib/python3.12/site-packages/requests/__init__.py","lineno":113,"logger":"py.warnings"}
{"timestamp":"2026-04-21T13:09:41.324807Z","level":"info","event":"Stats instance was created in PID 51 but accessed in PID 154. Re-initializing.","logger":"airflow.stats","filename":"stats.py","lineno":57}
{"timestamp":"2026-04-21T13:09:41.375287Z","level":"info","event":"Starting docker container from image trainer:latest","logger":"airflow.task.operators.airflow.providers.docker.operators.docker.DockerOperator","filename":"docker.py","lineno":367}
{"timestamp":"2026-04-21T13:09:44.575595Z","level":"info","event":"[I 2026-04-21 13:09:44,575] A new study created in memory with name: no-name-96d024a7-4688-4087-b79a-e208de8ef907","logger":"airflow.task.operators.airflow.providers.docker.operators.docker.DockerOperator","filename":"docker.py","lineno":71}
{"timestamp":"2026-04-21T13:09:44.576663Z","level":"info","event":"[W 2026-04-21 13:09:44,575] Trial 0 failed with parameters: {'learning_rate': 1.9305558578037874e-05} because of the following error: ValueError('The `low` value must be smaller than or equal to the `high` value (low=5.0, high=1.0).').","logger":"airflow.task.operators.airflow.providers.docker.operators.docker.DockerOperator","filename":"docker.py","lineno":71}
{"timestamp":"2026-04-21T13:09:44.576821Z","level":"info","event":"Traceback (most recent call last):","logger":"airflow.task.operators.airflow.providers.docker.operators.docker.DockerOperator","filename":"docker.py","lineno":71}
{"timestamp":"2026-04-21T13:09:44.576869Z","level":"info","event":"  File \"/opt/conda/lib/python3.10/site-packages/optuna/study/_optimize.py\", line 196, in _run_trial","logger":"airflow.task.operators.airflow.providers.docker.operators.docker.DockerOperator","filename":"docker.py","lineno":71}
{"timestamp":"2026-04-21T13:09:44.576915Z","level":"info","event":"    value_or_values = func(trial)","logger":"airflow.task.operators.airflow.providers.docker.operators.docker.DockerOperator","filename":"docker.py","lineno":71}
{"timestamp":"2026-04-21T13:09:44.576946Z","level":"info","event":"  File \"/app/src/sweep_optuna.py\", line 62, in objective","logger":"airflow.task.operators.airflow.providers.docker.operators.docker.DockerOperator","filename":"docker.py","lineno":71}
{"timestamp":"2026-04-21T13:09:44.576977Z","level":"info","event":"    margin = trial.suggest_float(\"margin\", MARGIN_MIN, MARGIN_MAX)","logger":"airflow.task.operators.airflow.providers.docker.operators.docker.DockerOperator","filename":"docker.py","lineno":71}
{"timestamp":"2026-04-21T13:09:44.577008Z","level":"info","event":"  File \"/opt/conda/lib/python3.10/site-packages/optuna/trial/_trial.py\", line 162, in suggest_float","logger":"airflow.task.operators.airflow.providers.docker.operators.docker.DockerOperator","filename":"docker.py","lineno":71}
{"timestamp":"2026-04-21T13:09:44.577038Z","level":"info","event":"    distribution = FloatDistribution(low, high, log=log, step=step)","logger":"airflow.task.operators.airflow.providers.docker.operators.docker.DockerOperator","filename":"docker.py","lineno":71}
{"timestamp":"2026-04-21T13:09:44.577068Z","level":"info","event":"  File \"/opt/conda/lib/python3.10/site-packages/optuna/distributions.py\", line 142, in __init__","logger":"airflow.task.operators.airflow.providers.docker.operators.docker.DockerOperator","filename":"docker.py","lineno":71}
{"timestamp":"2026-04-21T13:09:44.577097Z","level":"info","event":"    raise ValueError(","logger":"airflow.task.operators.airflow.providers.docker.operators.docker.DockerOperator","filename":"docker.py","lineno":71}
{"timestamp":"2026-04-21T13:09:44.577126Z","level":"info","event":"ValueError: The `low` value must be smaller than or equal to the `high` value (low=5.0, high=1.0).","logger":"airflow.task.operators.airflow.providers.docker.operators.docker.DockerOperator","filename":"docker.py","lineno":71}
{"timestamp":"2026-04-21T13:09:44.577155Z","level":"info","event":"[W 2026-04-21 13:09:44,576] Trial 0 failed with value None.","logger":"airflow.task.operators.airflow.providers.docker.operators.docker.DockerOperator","filename":"docker.py","lineno":71}
{"timestamp":"2026-04-21T13:09:44.641184Z","level":"info","event":"Using device: cuda","logger":"airflow.task.operators.airflow.providers.docker.operators.docker.DockerOperator","filename":"docker.py","lineno":71}
{"timestamp":"2026-04-21T13:09:44.641297Z","level":"info","event":"Sweep ID    : sweep-20260421T130944-f0f3dc","logger":"airflow.task.operators.airflow.providers.docker.operators.docker.DockerOperator","filename":"docker.py","lineno":71}
{"timestamp":"2026-04-21T13:09:44.641322Z","level":"info","event":"Sweep config: 1 trials x 30 epochs each","logger":"airflow.task.operators.airflow.providers.docker.operators.docker.DockerOperator","filename":"docker.py","lineno":71}
{"timestamp":"2026-04-21T13:09:44.641341Z","level":"info","event":"Found 1680 identities","logger":"airflow.task.operators.airflow.providers.docker.operators.docker.DockerOperator","filename":"docker.py","lineno":71}
{"timestamp":"2026-04-21T13:09:44.641359Z","level":"info","event":"train=1176  val=252  test=252","logger":"airflow.task.operators.airflow.providers.docker.operators.docker.DockerOperator","filename":"docker.py","lineno":71}
{"timestamp":"2026-04-21T13:09:44.641375Z","level":"info","event":"Batch size: 64  (P=16 identities x K=4 images each)","logger":"airflow.task.operators.airflow.providers.docker.operators.docker.DockerOperator","filename":"docker.py","lineno":71}
{"timestamp":"2026-04-21T13:09:44.641413Z","level":"info","event":"Traceback (most recent call last):","logger":"airflow.task.operators.airflow.providers.docker.operators.docker.DockerOperator","filename":"docker.py","lineno":71}
{"timestamp":"2026-04-21T13:09:44.641433Z","level":"info","event":"  File \"/app/src/sweep_optuna.py\", line 120, in <module>","logger":"airflow.task.operators.airflow.providers.docker.operators.docker.DockerOperator","filename":"docker.py","lineno":71}
{"timestamp":"2026-04-21T13:09:44.641449Z","level":"info","event":"    main()","logger":"airflow.task.operators.airflow.providers.docker.operators.docker.DockerOperator","filename":"docker.py","lineno":71}
{"timestamp":"2026-04-21T13:09:44.641464Z","level":"info","event":"  File \"/app/src/sweep_optuna.py\", line 93, in main","logger":"airflow.task.operators.airflow.providers.docker.operators.docker.DockerOperator","filename":"docker.py","lineno":71}
{"timestamp":"2026-04-21T13:09:44.641480Z","level":"info","event":"    study.optimize(objective, n_trials=N_TRIALS, gc_after_trial=True)","logger":"airflow.task.operators.airflow.providers.docker.operators.docker.DockerOperator","filename":"docker.py","lineno":71}
{"timestamp":"2026-04-21T13:09:44.641495Z","level":"info","event":"  File \"/opt/conda/lib/python3.10/site-packages/optuna/study/study.py\", line 451, in optimize","logger":"airflow.task.operators.airflow.providers.docker.operators.docker.DockerOperator","filename":"docker.py","lineno":71}
{"timestamp":"2026-04-21T13:09:44.641516Z","level":"info","event":"    _optimize(","logger":"airflow.task.operators.airflow.providers.docker.operators.docker.DockerOperator","filename":"docker.py","lineno":71}
{"timestamp":"2026-04-21T13:09:44.641531Z","level":"info","event":"  File \"/opt/conda/lib/python3.10/site-packages/optuna/study/_optimize.py\", line 62, in _optimize","logger":"airflow.task.operators.airflow.providers.docker.operators.docker.DockerOperator","filename":"docker.py","lineno":71}
{"timestamp":"2026-04-21T13:09:44.641546Z","level":"info","event":"    _optimize_sequential(","logger":"airflow.task.operators.airflow.providers.docker.operators.docker.DockerOperator","filename":"docker.py","lineno":71}
{"timestamp":"2026-04-21T13:09:44.641561Z","level":"info","event":"  File \"/opt/conda/lib/python3.10/site-packages/optuna/study/_optimize.py\", line 159, in _optimize_sequential","logger":"airflow.task.operators.airflow.providers.docker.operators.docker.DockerOperator","filename":"docker.py","lineno":71}
{"timestamp":"2026-04-21T13:09:44.641575Z","level":"info","event":"    frozen_trial = _run_trial(study, func, catch)","logger":"airflow.task.operators.airflow.providers.docker.operators.docker.DockerOperator","filename":"docker.py","lineno":71}
{"timestamp":"2026-04-21T13:09:44.641590Z","level":"info","event":"  File \"/opt/conda/lib/python3.10/site-packages/optuna/study/_optimize.py\", line 247, in _run_trial","logger":"airflow.task.operators.airflow.providers.docker.operators.docker.DockerOperator","filename":"docker.py","lineno":71}
{"timestamp":"2026-04-21T13:09:44.641604Z","level":"info","event":"    raise func_err","logger":"airflow.task.operators.airflow.providers.docker.operators.docker.DockerOperator","filename":"docker.py","lineno":71}
{"timestamp":"2026-04-21T13:09:44.641618Z","level":"info","event":"  File \"/opt/conda/lib/python3.10/site-packages/optuna/study/_optimize.py\", line 196, in _run_trial","logger":"airflow.task.operators.airflow.providers.docker.operators.docker.DockerOperator","filename":"docker.py","lineno":71}
{"timestamp":"2026-04-21T13:09:44.641633Z","level":"info","event":"    value_or_values = func(trial)","logger":"airflow.task.operators.airflow.providers.docker.operators.docker.DockerOperator","filename":"docker.py","lineno":71}
{"timestamp":"2026-04-21T13:09:44.641647Z","level":"info","event":"  File \"/app/src/sweep_optuna.py\", line 62, in objective","logger":"airflow.task.operators.airflow.providers.docker.operators.docker.DockerOperator","filename":"docker.py","lineno":71}
{"timestamp":"2026-04-21T13:09:44.641661Z","level":"info","event":"    margin = trial.suggest_float(\"margin\", MARGIN_MIN, MARGIN_MAX)","logger":"airflow.task.operators.airflow.providers.docker.operators.docker.DockerOperator","filename":"docker.py","lineno":71}
{"timestamp":"2026-04-21T13:09:44.641675Z","level":"info","event":"  File \"/opt/conda/lib/python3.10/site-packages/optuna/trial/_trial.py\", line 162, in suggest_float","logger":"airflow.task.operators.airflow.providers.docker.operators.docker.DockerOperator","filename":"docker.py","lineno":71}
{"timestamp":"2026-04-21T13:09:44.641689Z","level":"info","event":"    distribution = FloatDistribution(low, high, log=log, step=step)","logger":"airflow.task.operators.airflow.providers.docker.operators.docker.DockerOperator","filename":"docker.py","lineno":71}
{"timestamp":"2026-04-21T13:09:44.641703Z","level":"info","event":"  File \"/opt/conda/lib/python3.10/site-packages/optuna/distributions.py\", line 142, in __init__","logger":"airflow.task.operators.airflow.providers.docker.operators.docker.DockerOperator","filename":"docker.py","lineno":71}
{"timestamp":"2026-04-21T13:09:44.641717Z","level":"info","event":"    raise ValueError(","logger":"airflow.task.operators.airflow.providers.docker.operators.docker.DockerOperator","filename":"docker.py","lineno":71}
{"timestamp":"2026-04-21T13:09:44.641731Z","level":"info","event":"ValueError: The `low` value must be smaller than or equal to the `high` value (low=5.0, high=1.0).","logger":"airflow.task.operators.airflow.providers.docker.operators.docker.DockerOperator","filename":"docker.py","lineno":71}
{"timestamp":"2026-04-21T13:09:45.387479Z","level":"error","event":"Task failed with exception","logger":"task","filename":"task_runner.py","lineno":1164,"error_detail":[{"exc_type":"DockerContainerFailedException","exc_value":"Docker container failed: {'StatusCode': 1}","exc_notes":[],"syntax_error":null,"is_cause":false,"frames":[{"filename":"/home/airflow/.local/lib/python3.12/site-packages/airflow/sdk/execution_time/task_runner.py","lineno":1112,"name":"run"},{"filename":"/home/airflow/.local/lib/python3.12/site-packages/airflow/sdk/execution_time/task_runner.py","lineno":1523,"name":"_execute_task"},{"filename":"/home/airflow/.local/lib/python3.12/site-packages/airflow/sdk/bases/operator.py","lineno":417,"name":"wrapper"},{"filename":"/home/airflow/.local/lib/python3.12/site-packages/airflow/providers/docker/operators/docker.py","lineno":507,"name":"execute"},{"filename":"/home/airflow/.local/lib/python3.12/site-packages/airflow/providers/docker/operators/docker.py","lineno":384,"name":"_run_image"},{"filename":"/home/airflow/.local/lib/python3.12/site-packages/airflow/providers/docker/operators/docker.py","lineno":442,"name":"_run_image_with_mounts"}],"is_group":false,"exceptions":[]}]}
