[2026-04-20T06:25:59.471+0000] {processor.py:161} INFO - Started process (PID=170) to work on /opt/airflow/dags/training_pipeline.py
[2026-04-20T06:25:59.472+0000] {processor.py:830} INFO - Processing file /opt/airflow/dags/training_pipeline.py for tasks to queue
[2026-04-20T06:25:59.472+0000] {logging_mixin.py:188} INFO - [2026-04-20T06:25:59.472+0000] {dagbag.py:538} INFO - Filling up the DagBag from /opt/airflow/dags/training_pipeline.py
[2026-04-20T06:25:59.496+0000] {processor.py:840} INFO - DAG(s) 'face_recognition_pipeline' retrieved from /opt/airflow/dags/training_pipeline.py
[2026-04-20T06:25:59.728+0000] {logging_mixin.py:188} INFO - [2026-04-20T06:25:59.728+0000] {override.py:1769} INFO - Created Permission View: can read on DAG:face_recognition_pipeline
[2026-04-20T06:25:59.737+0000] {logging_mixin.py:188} INFO - [2026-04-20T06:25:59.736+0000] {override.py:1769} INFO - Created Permission View: can delete on DAG:face_recognition_pipeline
[2026-04-20T06:25:59.742+0000] {logging_mixin.py:188} INFO - [2026-04-20T06:25:59.741+0000] {override.py:1769} INFO - Created Permission View: can edit on DAG:face_recognition_pipeline
[2026-04-20T06:25:59.742+0000] {logging_mixin.py:188} INFO - [2026-04-20T06:25:59.742+0000] {dag.py:3036} INFO - Sync 1 DAGs
[2026-04-20T06:25:59.750+0000] {logging_mixin.py:188} INFO - [2026-04-20T06:25:59.750+0000] {dag.py:3058} INFO - Creating ORM DAG for face_recognition_pipeline
[2026-04-20T06:25:59.763+0000] {logging_mixin.py:188} INFO - [2026-04-20T06:25:59.762+0000] {dag.py:3823} INFO - Setting next_dagrun for face_recognition_pipeline to 2026-04-12 00:00:00+00:00, run_after=2026-04-19 00:00:00+00:00
[2026-04-20T06:25:59.780+0000] {processor.py:183} INFO - Processing /opt/airflow/dags/training_pipeline.py took 0.311 seconds
[2026-04-20T06:26:29.875+0000] {processor.py:161} INFO - Started process (PID=176) to work on /opt/airflow/dags/training_pipeline.py
[2026-04-20T06:26:29.881+0000] {processor.py:830} INFO - Processing file /opt/airflow/dags/training_pipeline.py for tasks to queue
[2026-04-20T06:26:29.881+0000] {logging_mixin.py:188} INFO - [2026-04-20T06:26:29.881+0000] {dagbag.py:538} INFO - Filling up the DagBag from /opt/airflow/dags/training_pipeline.py
[2026-04-20T06:26:29.890+0000] {processor.py:840} INFO - DAG(s) 'face_recognition_pipeline' retrieved from /opt/airflow/dags/training_pipeline.py
[2026-04-20T06:26:29.907+0000] {logging_mixin.py:188} INFO - [2026-04-20T06:26:29.907+0000] {dag.py:3036} INFO - Sync 1 DAGs
[2026-04-20T06:26:29.924+0000] {logging_mixin.py:188} INFO - [2026-04-20T06:26:29.923+0000] {dag.py:3823} INFO - Setting next_dagrun for face_recognition_pipeline to 2026-04-12 00:00:00+00:00, run_after=2026-04-19 00:00:00+00:00
[2026-04-20T06:26:29.939+0000] {processor.py:183} INFO - Processing /opt/airflow/dags/training_pipeline.py took 0.066 seconds
[2026-04-20T06:26:59.976+0000] {processor.py:161} INFO - Started process (PID=181) to work on /opt/airflow/dags/training_pipeline.py
[2026-04-20T06:26:59.976+0000] {processor.py:830} INFO - Processing file /opt/airflow/dags/training_pipeline.py for tasks to queue
[2026-04-20T06:26:59.976+0000] {logging_mixin.py:188} INFO - [2026-04-20T06:26:59.976+0000] {dagbag.py:538} INFO - Filling up the DagBag from /opt/airflow/dags/training_pipeline.py
[2026-04-20T06:26:59.983+0000] {processor.py:840} INFO - DAG(s) 'face_recognition_pipeline' retrieved from /opt/airflow/dags/training_pipeline.py
[2026-04-20T06:27:00.000+0000] {logging_mixin.py:188} INFO - [2026-04-20T06:27:00.000+0000] {dag.py:3036} INFO - Sync 1 DAGs
[2026-04-20T06:27:00.012+0000] {logging_mixin.py:188} INFO - [2026-04-20T06:27:00.012+0000] {dag.py:3823} INFO - Setting next_dagrun for face_recognition_pipeline to 2026-04-12 00:00:00+00:00, run_after=2026-04-19 00:00:00+00:00
[2026-04-20T06:27:00.024+0000] {processor.py:183} INFO - Processing /opt/airflow/dags/training_pipeline.py took 0.050 seconds
[2026-04-20T06:27:30.118+0000] {processor.py:161} INFO - Started process (PID=186) to work on /opt/airflow/dags/training_pipeline.py
[2026-04-20T06:27:30.118+0000] {processor.py:830} INFO - Processing file /opt/airflow/dags/training_pipeline.py for tasks to queue
[2026-04-20T06:27:30.119+0000] {logging_mixin.py:188} INFO - [2026-04-20T06:27:30.119+0000] {dagbag.py:538} INFO - Filling up the DagBag from /opt/airflow/dags/training_pipeline.py
[2026-04-20T06:27:30.127+0000] {processor.py:840} INFO - DAG(s) 'face_recognition_pipeline' retrieved from /opt/airflow/dags/training_pipeline.py
[2026-04-20T06:27:30.145+0000] {logging_mixin.py:188} INFO - [2026-04-20T06:27:30.145+0000] {dag.py:3036} INFO - Sync 1 DAGs
[2026-04-20T06:27:30.159+0000] {logging_mixin.py:188} INFO - [2026-04-20T06:27:30.159+0000] {dag.py:3823} INFO - Setting next_dagrun for face_recognition_pipeline to 2026-04-12 00:00:00+00:00, run_after=2026-04-19 00:00:00+00:00
[2026-04-20T06:27:30.171+0000] {processor.py:183} INFO - Processing /opt/airflow/dags/training_pipeline.py took 0.055 seconds
[2026-04-20T06:28:00.215+0000] {processor.py:161} INFO - Started process (PID=191) to work on /opt/airflow/dags/training_pipeline.py
[2026-04-20T06:28:00.225+0000] {processor.py:830} INFO - Processing file /opt/airflow/dags/training_pipeline.py for tasks to queue
[2026-04-20T06:28:00.225+0000] {logging_mixin.py:188} INFO - [2026-04-20T06:28:00.225+0000] {dagbag.py:538} INFO - Filling up the DagBag from /opt/airflow/dags/training_pipeline.py
[2026-04-20T06:28:00.235+0000] {processor.py:840} INFO - DAG(s) 'face_recognition_pipeline' retrieved from /opt/airflow/dags/training_pipeline.py
[2026-04-20T06:28:00.253+0000] {logging_mixin.py:188} INFO - [2026-04-20T06:28:00.253+0000] {dag.py:3036} INFO - Sync 1 DAGs
[2026-04-20T06:28:00.266+0000] {logging_mixin.py:188} INFO - [2026-04-20T06:28:00.266+0000] {dag.py:3823} INFO - Setting next_dagrun for face_recognition_pipeline to 2026-04-12 00:00:00+00:00, run_after=2026-04-19 00:00:00+00:00
[2026-04-20T06:28:00.278+0000] {processor.py:183} INFO - Processing /opt/airflow/dags/training_pipeline.py took 0.066 seconds
[2026-04-20T06:28:30.359+0000] {processor.py:161} INFO - Started process (PID=196) to work on /opt/airflow/dags/training_pipeline.py
[2026-04-20T06:28:30.368+0000] {processor.py:830} INFO - Processing file /opt/airflow/dags/training_pipeline.py for tasks to queue
[2026-04-20T06:28:30.369+0000] {logging_mixin.py:188} INFO - [2026-04-20T06:28:30.369+0000] {dagbag.py:538} INFO - Filling up the DagBag from /opt/airflow/dags/training_pipeline.py
[2026-04-20T06:28:30.377+0000] {processor.py:840} INFO - DAG(s) 'face_recognition_pipeline' retrieved from /opt/airflow/dags/training_pipeline.py
[2026-04-20T06:28:30.393+0000] {logging_mixin.py:188} INFO - [2026-04-20T06:28:30.393+0000] {dag.py:3036} INFO - Sync 1 DAGs
[2026-04-20T06:28:30.405+0000] {logging_mixin.py:188} INFO - [2026-04-20T06:28:30.405+0000] {dag.py:3823} INFO - Setting next_dagrun for face_recognition_pipeline to 2026-04-12 00:00:00+00:00, run_after=2026-04-19 00:00:00+00:00
[2026-04-20T06:28:30.417+0000] {processor.py:183} INFO - Processing /opt/airflow/dags/training_pipeline.py took 0.060 seconds
[2026-04-20T06:29:00.462+0000] {processor.py:161} INFO - Started process (PID=201) to work on /opt/airflow/dags/training_pipeline.py
[2026-04-20T06:29:00.471+0000] {processor.py:830} INFO - Processing file /opt/airflow/dags/training_pipeline.py for tasks to queue
[2026-04-20T06:29:00.472+0000] {logging_mixin.py:188} INFO - [2026-04-20T06:29:00.472+0000] {dagbag.py:538} INFO - Filling up the DagBag from /opt/airflow/dags/training_pipeline.py
[2026-04-20T06:29:00.480+0000] {processor.py:840} INFO - DAG(s) 'face_recognition_pipeline' retrieved from /opt/airflow/dags/training_pipeline.py
[2026-04-20T06:29:00.501+0000] {logging_mixin.py:188} INFO - [2026-04-20T06:29:00.500+0000] {dag.py:3036} INFO - Sync 1 DAGs
[2026-04-20T06:29:00.515+0000] {logging_mixin.py:188} INFO - [2026-04-20T06:29:00.515+0000] {dag.py:3823} INFO - Setting next_dagrun for face_recognition_pipeline to 2026-04-12 00:00:00+00:00, run_after=2026-04-19 00:00:00+00:00
[2026-04-20T06:29:00.527+0000] {processor.py:183} INFO - Processing /opt/airflow/dags/training_pipeline.py took 0.067 seconds
[2026-04-20T06:29:30.599+0000] {processor.py:161} INFO - Started process (PID=206) to work on /opt/airflow/dags/training_pipeline.py
[2026-04-20T06:29:30.609+0000] {processor.py:830} INFO - Processing file /opt/airflow/dags/training_pipeline.py for tasks to queue
[2026-04-20T06:29:30.609+0000] {logging_mixin.py:188} INFO - [2026-04-20T06:29:30.609+0000] {dagbag.py:538} INFO - Filling up the DagBag from /opt/airflow/dags/training_pipeline.py
[2026-04-20T06:29:30.616+0000] {processor.py:840} INFO - DAG(s) 'face_recognition_pipeline' retrieved from /opt/airflow/dags/training_pipeline.py
[2026-04-20T06:29:30.631+0000] {logging_mixin.py:188} INFO - [2026-04-20T06:29:30.631+0000] {dag.py:3036} INFO - Sync 1 DAGs
[2026-04-20T06:29:30.644+0000] {logging_mixin.py:188} INFO - [2026-04-20T06:29:30.644+0000] {dag.py:3823} INFO - Setting next_dagrun for face_recognition_pipeline to 2026-04-12 00:00:00+00:00, run_after=2026-04-19 00:00:00+00:00
[2026-04-20T06:29:30.653+0000] {processor.py:183} INFO - Processing /opt/airflow/dags/training_pipeline.py took 0.056 seconds
[2026-04-20T06:30:00.704+0000] {processor.py:161} INFO - Started process (PID=211) to work on /opt/airflow/dags/training_pipeline.py
[2026-04-20T06:30:00.713+0000] {processor.py:830} INFO - Processing file /opt/airflow/dags/training_pipeline.py for tasks to queue
[2026-04-20T06:30:00.714+0000] {logging_mixin.py:188} INFO - [2026-04-20T06:30:00.714+0000] {dagbag.py:538} INFO - Filling up the DagBag from /opt/airflow/dags/training_pipeline.py
[2026-04-20T06:30:00.721+0000] {processor.py:840} INFO - DAG(s) 'face_recognition_pipeline' retrieved from /opt/airflow/dags/training_pipeline.py
[2026-04-20T06:30:00.738+0000] {logging_mixin.py:188} INFO - [2026-04-20T06:30:00.737+0000] {dag.py:3036} INFO - Sync 1 DAGs
[2026-04-20T06:30:00.750+0000] {logging_mixin.py:188} INFO - [2026-04-20T06:30:00.749+0000] {dag.py:3823} INFO - Setting next_dagrun for face_recognition_pipeline to 2026-04-12 00:00:00+00:00, run_after=2026-04-19 00:00:00+00:00
[2026-04-20T06:30:00.760+0000] {processor.py:183} INFO - Processing /opt/airflow/dags/training_pipeline.py took 0.058 seconds
[2026-04-20T06:30:30.834+0000] {processor.py:161} INFO - Started process (PID=216) to work on /opt/airflow/dags/training_pipeline.py
[2026-04-20T06:30:30.843+0000] {processor.py:830} INFO - Processing file /opt/airflow/dags/training_pipeline.py for tasks to queue
[2026-04-20T06:30:30.844+0000] {logging_mixin.py:188} INFO - [2026-04-20T06:30:30.843+0000] {dagbag.py:538} INFO - Filling up the DagBag from /opt/airflow/dags/training_pipeline.py
[2026-04-20T06:30:30.850+0000] {processor.py:840} INFO - DAG(s) 'face_recognition_pipeline' retrieved from /opt/airflow/dags/training_pipeline.py
[2026-04-20T06:30:30.865+0000] {logging_mixin.py:188} INFO - [2026-04-20T06:30:30.865+0000] {dag.py:3036} INFO - Sync 1 DAGs
[2026-04-20T06:30:30.877+0000] {logging_mixin.py:188} INFO - [2026-04-20T06:30:30.877+0000] {dag.py:3823} INFO - Setting next_dagrun for face_recognition_pipeline to 2026-04-12 00:00:00+00:00, run_after=2026-04-19 00:00:00+00:00
[2026-04-20T06:30:30.886+0000] {processor.py:183} INFO - Processing /opt/airflow/dags/training_pipeline.py took 0.054 seconds
[2026-04-20T06:31:00.951+0000] {processor.py:161} INFO - Started process (PID=221) to work on /opt/airflow/dags/training_pipeline.py
[2026-04-20T06:31:00.960+0000] {processor.py:830} INFO - Processing file /opt/airflow/dags/training_pipeline.py for tasks to queue
[2026-04-20T06:31:00.961+0000] {logging_mixin.py:188} INFO - [2026-04-20T06:31:00.961+0000] {dagbag.py:538} INFO - Filling up the DagBag from /opt/airflow/dags/training_pipeline.py
[2026-04-20T06:31:00.969+0000] {processor.py:840} INFO - DAG(s) 'face_recognition_pipeline' retrieved from /opt/airflow/dags/training_pipeline.py
[2026-04-20T06:31:00.985+0000] {logging_mixin.py:188} INFO - [2026-04-20T06:31:00.984+0000] {dag.py:3036} INFO - Sync 1 DAGs
[2026-04-20T06:31:00.998+0000] {logging_mixin.py:188} INFO - [2026-04-20T06:31:00.998+0000] {dag.py:3823} INFO - Setting next_dagrun for face_recognition_pipeline to 2026-04-12 00:00:00+00:00, run_after=2026-04-19 00:00:00+00:00
[2026-04-20T06:31:01.010+0000] {processor.py:183} INFO - Processing /opt/airflow/dags/training_pipeline.py took 0.061 seconds
[2026-04-20T06:31:31.079+0000] {processor.py:161} INFO - Started process (PID=226) to work on /opt/airflow/dags/training_pipeline.py
[2026-04-20T06:31:31.088+0000] {processor.py:830} INFO - Processing file /opt/airflow/dags/training_pipeline.py for tasks to queue
[2026-04-20T06:31:31.089+0000] {logging_mixin.py:188} INFO - [2026-04-20T06:31:31.088+0000] {dagbag.py:538} INFO - Filling up the DagBag from /opt/airflow/dags/training_pipeline.py
[2026-04-20T06:31:31.095+0000] {processor.py:840} INFO - DAG(s) 'face_recognition_pipeline' retrieved from /opt/airflow/dags/training_pipeline.py
[2026-04-20T06:31:31.114+0000] {logging_mixin.py:188} INFO - [2026-04-20T06:31:31.114+0000] {dag.py:3036} INFO - Sync 1 DAGs
[2026-04-20T06:31:31.126+0000] {logging_mixin.py:188} INFO - [2026-04-20T06:31:31.126+0000] {dag.py:3823} INFO - Setting next_dagrun for face_recognition_pipeline to 2026-04-12 00:00:00+00:00, run_after=2026-04-19 00:00:00+00:00
[2026-04-20T06:31:31.136+0000] {processor.py:183} INFO - Processing /opt/airflow/dags/training_pipeline.py took 0.060 seconds
[2026-04-20T06:32:01.196+0000] {processor.py:161} INFO - Started process (PID=231) to work on /opt/airflow/dags/training_pipeline.py
[2026-04-20T06:32:01.206+0000] {processor.py:830} INFO - Processing file /opt/airflow/dags/training_pipeline.py for tasks to queue
[2026-04-20T06:32:01.206+0000] {logging_mixin.py:188} INFO - [2026-04-20T06:32:01.206+0000] {dagbag.py:538} INFO - Filling up the DagBag from /opt/airflow/dags/training_pipeline.py
[2026-04-20T06:32:01.213+0000] {processor.py:840} INFO - DAG(s) 'face_recognition_pipeline' retrieved from /opt/airflow/dags/training_pipeline.py
[2026-04-20T06:32:01.228+0000] {logging_mixin.py:188} INFO - [2026-04-20T06:32:01.228+0000] {dag.py:3036} INFO - Sync 1 DAGs
[2026-04-20T06:32:01.241+0000] {logging_mixin.py:188} INFO - [2026-04-20T06:32:01.241+0000] {dag.py:3823} INFO - Setting next_dagrun for face_recognition_pipeline to 2026-04-12 00:00:00+00:00, run_after=2026-04-19 00:00:00+00:00
[2026-04-20T06:32:01.250+0000] {processor.py:183} INFO - Processing /opt/airflow/dags/training_pipeline.py took 0.057 seconds
[2026-04-20T06:32:31.330+0000] {processor.py:161} INFO - Started process (PID=236) to work on /opt/airflow/dags/training_pipeline.py
[2026-04-20T06:32:31.339+0000] {processor.py:830} INFO - Processing file /opt/airflow/dags/training_pipeline.py for tasks to queue
[2026-04-20T06:32:31.340+0000] {logging_mixin.py:188} INFO - [2026-04-20T06:32:31.340+0000] {dagbag.py:538} INFO - Filling up the DagBag from /opt/airflow/dags/training_pipeline.py
[2026-04-20T06:32:31.346+0000] {processor.py:840} INFO - DAG(s) 'face_recognition_pipeline' retrieved from /opt/airflow/dags/training_pipeline.py
[2026-04-20T06:32:31.361+0000] {logging_mixin.py:188} INFO - [2026-04-20T06:32:31.361+0000] {dag.py:3036} INFO - Sync 1 DAGs
[2026-04-20T06:32:31.374+0000] {logging_mixin.py:188} INFO - [2026-04-20T06:32:31.373+0000] {dag.py:3823} INFO - Setting next_dagrun for face_recognition_pipeline to 2026-04-12 00:00:00+00:00, run_after=2026-04-19 00:00:00+00:00
[2026-04-20T06:32:31.384+0000] {processor.py:183} INFO - Processing /opt/airflow/dags/training_pipeline.py took 0.057 seconds
[2026-04-20T06:33:01.448+0000] {processor.py:161} INFO - Started process (PID=241) to work on /opt/airflow/dags/training_pipeline.py
[2026-04-20T06:33:01.458+0000] {processor.py:830} INFO - Processing file /opt/airflow/dags/training_pipeline.py for tasks to queue
[2026-04-20T06:33:01.459+0000] {logging_mixin.py:188} INFO - [2026-04-20T06:33:01.459+0000] {dagbag.py:538} INFO - Filling up the DagBag from /opt/airflow/dags/training_pipeline.py
[2026-04-20T06:33:01.466+0000] {processor.py:840} INFO - DAG(s) 'face_recognition_pipeline' retrieved from /opt/airflow/dags/training_pipeline.py
[2026-04-20T06:33:01.481+0000] {logging_mixin.py:188} INFO - [2026-04-20T06:33:01.481+0000] {dag.py:3036} INFO - Sync 1 DAGs
[2026-04-20T06:33:01.493+0000] {logging_mixin.py:188} INFO - [2026-04-20T06:33:01.493+0000] {dag.py:3823} INFO - Setting next_dagrun for face_recognition_pipeline to 2026-04-12 00:00:00+00:00, run_after=2026-04-19 00:00:00+00:00
[2026-04-20T06:33:01.502+0000] {processor.py:183} INFO - Processing /opt/airflow/dags/training_pipeline.py took 0.056 seconds
[2026-04-20T06:33:31.581+0000] {processor.py:161} INFO - Started process (PID=246) to work on /opt/airflow/dags/training_pipeline.py
[2026-04-20T06:33:31.591+0000] {processor.py:830} INFO - Processing file /opt/airflow/dags/training_pipeline.py for tasks to queue
[2026-04-20T06:33:31.591+0000] {logging_mixin.py:188} INFO - [2026-04-20T06:33:31.591+0000] {dagbag.py:538} INFO - Filling up the DagBag from /opt/airflow/dags/training_pipeline.py
[2026-04-20T06:33:31.598+0000] {processor.py:840} INFO - DAG(s) 'face_recognition_pipeline' retrieved from /opt/airflow/dags/training_pipeline.py
[2026-04-20T06:33:31.617+0000] {logging_mixin.py:188} INFO - [2026-04-20T06:33:31.616+0000] {dag.py:3036} INFO - Sync 1 DAGs
[2026-04-20T06:33:31.629+0000] {logging_mixin.py:188} INFO - [2026-04-20T06:33:31.629+0000] {dag.py:3823} INFO - Setting next_dagrun for face_recognition_pipeline to 2026-04-12 00:00:00+00:00, run_after=2026-04-19 00:00:00+00:00
[2026-04-20T06:33:31.638+0000] {processor.py:183} INFO - Processing /opt/airflow/dags/training_pipeline.py took 0.059 seconds
[2026-04-20T06:34:01.687+0000] {processor.py:161} INFO - Started process (PID=251) to work on /opt/airflow/dags/training_pipeline.py
[2026-04-20T06:34:01.696+0000] {processor.py:830} INFO - Processing file /opt/airflow/dags/training_pipeline.py for tasks to queue
[2026-04-20T06:34:01.697+0000] {logging_mixin.py:188} INFO - [2026-04-20T06:34:01.696+0000] {dagbag.py:538} INFO - Filling up the DagBag from /opt/airflow/dags/training_pipeline.py
[2026-04-20T06:34:01.703+0000] {processor.py:840} INFO - DAG(s) 'face_recognition_pipeline' retrieved from /opt/airflow/dags/training_pipeline.py
[2026-04-20T06:34:01.719+0000] {logging_mixin.py:188} INFO - [2026-04-20T06:34:01.719+0000] {dag.py:3036} INFO - Sync 1 DAGs
[2026-04-20T06:34:01.732+0000] {logging_mixin.py:188} INFO - [2026-04-20T06:34:01.731+0000] {dag.py:3823} INFO - Setting next_dagrun for face_recognition_pipeline to 2026-04-12 00:00:00+00:00, run_after=2026-04-19 00:00:00+00:00
[2026-04-20T06:34:01.746+0000] {processor.py:183} INFO - Processing /opt/airflow/dags/training_pipeline.py took 0.061 seconds
[2026-04-20T06:34:31.812+0000] {processor.py:161} INFO - Started process (PID=256) to work on /opt/airflow/dags/training_pipeline.py
[2026-04-20T06:34:31.821+0000] {processor.py:830} INFO - Processing file /opt/airflow/dags/training_pipeline.py for tasks to queue
[2026-04-20T06:34:31.821+0000] {logging_mixin.py:188} INFO - [2026-04-20T06:34:31.821+0000] {dagbag.py:538} INFO - Filling up the DagBag from /opt/airflow/dags/training_pipeline.py
[2026-04-20T06:34:31.828+0000] {processor.py:840} INFO - DAG(s) 'face_recognition_pipeline' retrieved from /opt/airflow/dags/training_pipeline.py
[2026-04-20T06:34:31.844+0000] {logging_mixin.py:188} INFO - [2026-04-20T06:34:31.844+0000] {dag.py:3036} INFO - Sync 1 DAGs
[2026-04-20T06:34:31.855+0000] {logging_mixin.py:188} INFO - [2026-04-20T06:34:31.855+0000] {dag.py:3823} INFO - Setting next_dagrun for face_recognition_pipeline to 2026-04-12 00:00:00+00:00, run_after=2026-04-19 00:00:00+00:00
[2026-04-20T06:34:31.866+0000] {processor.py:183} INFO - Processing /opt/airflow/dags/training_pipeline.py took 0.057 seconds
[2026-04-20T06:35:01.930+0000] {processor.py:161} INFO - Started process (PID=261) to work on /opt/airflow/dags/training_pipeline.py
[2026-04-20T06:35:01.939+0000] {processor.py:830} INFO - Processing file /opt/airflow/dags/training_pipeline.py for tasks to queue
[2026-04-20T06:35:01.940+0000] {logging_mixin.py:188} INFO - [2026-04-20T06:35:01.940+0000] {dagbag.py:538} INFO - Filling up the DagBag from /opt/airflow/dags/training_pipeline.py
[2026-04-20T06:35:01.949+0000] {processor.py:840} INFO - DAG(s) 'face_recognition_pipeline' retrieved from /opt/airflow/dags/training_pipeline.py
[2026-04-20T06:35:01.965+0000] {logging_mixin.py:188} INFO - [2026-04-20T06:35:01.965+0000] {dag.py:3036} INFO - Sync 1 DAGs
[2026-04-20T06:35:01.977+0000] {logging_mixin.py:188} INFO - [2026-04-20T06:35:01.977+0000] {dag.py:3823} INFO - Setting next_dagrun for face_recognition_pipeline to 2026-04-12 00:00:00+00:00, run_after=2026-04-19 00:00:00+00:00
[2026-04-20T06:35:01.988+0000] {processor.py:183} INFO - Processing /opt/airflow/dags/training_pipeline.py took 0.061 seconds
[2026-04-20T06:35:32.062+0000] {processor.py:161} INFO - Started process (PID=266) to work on /opt/airflow/dags/training_pipeline.py
[2026-04-20T06:35:32.071+0000] {processor.py:830} INFO - Processing file /opt/airflow/dags/training_pipeline.py for tasks to queue
[2026-04-20T06:35:32.072+0000] {logging_mixin.py:188} INFO - [2026-04-20T06:35:32.071+0000] {dagbag.py:538} INFO - Filling up the DagBag from /opt/airflow/dags/training_pipeline.py
[2026-04-20T06:35:32.078+0000] {processor.py:840} INFO - DAG(s) 'face_recognition_pipeline' retrieved from /opt/airflow/dags/training_pipeline.py
[2026-04-20T06:35:32.095+0000] {logging_mixin.py:188} INFO - [2026-04-20T06:35:32.095+0000] {dag.py:3036} INFO - Sync 1 DAGs
[2026-04-20T06:35:32.113+0000] {logging_mixin.py:188} INFO - [2026-04-20T06:35:32.113+0000] {dag.py:3823} INFO - Setting next_dagrun for face_recognition_pipeline to 2026-04-12 00:00:00+00:00, run_after=2026-04-19 00:00:00+00:00
[2026-04-20T06:35:32.124+0000] {processor.py:183} INFO - Processing /opt/airflow/dags/training_pipeline.py took 0.065 seconds
[2026-04-20T06:36:02.178+0000] {processor.py:161} INFO - Started process (PID=271) to work on /opt/airflow/dags/training_pipeline.py
[2026-04-20T06:36:02.178+0000] {processor.py:830} INFO - Processing file /opt/airflow/dags/training_pipeline.py for tasks to queue
[2026-04-20T06:36:02.179+0000] {logging_mixin.py:188} INFO - [2026-04-20T06:36:02.179+0000] {dagbag.py:538} INFO - Filling up the DagBag from /opt/airflow/dags/training_pipeline.py
[2026-04-20T06:36:02.185+0000] {processor.py:840} INFO - DAG(s) 'face_recognition_pipeline' retrieved from /opt/airflow/dags/training_pipeline.py
[2026-04-20T06:36:02.205+0000] {logging_mixin.py:188} INFO - [2026-04-20T06:36:02.205+0000] {dag.py:3036} INFO - Sync 1 DAGs
[2026-04-20T06:36:02.217+0000] {logging_mixin.py:188} INFO - [2026-04-20T06:36:02.217+0000] {dag.py:3823} INFO - Setting next_dagrun for face_recognition_pipeline to 2026-04-12 00:00:00+00:00, run_after=2026-04-19 00:00:00+00:00
[2026-04-20T06:36:02.230+0000] {processor.py:183} INFO - Processing /opt/airflow/dags/training_pipeline.py took 0.055 seconds
[2026-04-20T06:36:47.152+0000] {processor.py:161} INFO - Started process (PID=169) to work on /opt/airflow/dags/training_pipeline.py
[2026-04-20T06:36:47.153+0000] {processor.py:830} INFO - Processing file /opt/airflow/dags/training_pipeline.py for tasks to queue
[2026-04-20T06:36:47.153+0000] {logging_mixin.py:188} INFO - [2026-04-20T06:36:47.153+0000] {dagbag.py:538} INFO - Filling up the DagBag from /opt/airflow/dags/training_pipeline.py
[2026-04-20T06:36:47.172+0000] {processor.py:840} INFO - DAG(s) 'face_recognition_pipeline' retrieved from /opt/airflow/dags/training_pipeline.py
[2026-04-20T06:36:47.190+0000] {logging_mixin.py:188} INFO - [2026-04-20T06:36:47.189+0000] {dag.py:3036} INFO - Sync 1 DAGs
[2026-04-20T06:36:47.210+0000] {logging_mixin.py:188} INFO - [2026-04-20T06:36:47.210+0000] {dag.py:3823} INFO - Setting next_dagrun for face_recognition_pipeline to 2026-04-12 00:00:00+00:00, run_after=2026-04-19 00:00:00+00:00
[2026-04-20T06:36:47.224+0000] {processor.py:183} INFO - Processing /opt/airflow/dags/training_pipeline.py took 0.074 seconds
[2026-04-20T06:37:17.281+0000] {processor.py:161} INFO - Started process (PID=175) to work on /opt/airflow/dags/training_pipeline.py
[2026-04-20T06:37:17.281+0000] {processor.py:830} INFO - Processing file /opt/airflow/dags/training_pipeline.py for tasks to queue
[2026-04-20T06:37:17.282+0000] {logging_mixin.py:188} INFO - [2026-04-20T06:37:17.281+0000] {dagbag.py:538} INFO - Filling up the DagBag from /opt/airflow/dags/training_pipeline.py
[2026-04-20T06:37:17.288+0000] {processor.py:840} INFO - DAG(s) 'face_recognition_pipeline' retrieved from /opt/airflow/dags/training_pipeline.py
[2026-04-20T06:37:17.435+0000] {logging_mixin.py:188} INFO - [2026-04-20T06:37:17.435+0000] {dag.py:3036} INFO - Sync 1 DAGs
[2026-04-20T06:37:17.448+0000] {logging_mixin.py:188} INFO - [2026-04-20T06:37:17.447+0000] {dag.py:3823} INFO - Setting next_dagrun for face_recognition_pipeline to 2026-04-12 00:00:00+00:00, run_after=2026-04-19 00:00:00+00:00
[2026-04-20T06:37:17.460+0000] {processor.py:183} INFO - Processing /opt/airflow/dags/training_pipeline.py took 0.181 seconds
[2026-04-20T06:37:47.550+0000] {processor.py:161} INFO - Started process (PID=180) to work on /opt/airflow/dags/training_pipeline.py
[2026-04-20T06:37:47.551+0000] {processor.py:830} INFO - Processing file /opt/airflow/dags/training_pipeline.py for tasks to queue
[2026-04-20T06:37:47.551+0000] {logging_mixin.py:188} INFO - [2026-04-20T06:37:47.551+0000] {dagbag.py:538} INFO - Filling up the DagBag from /opt/airflow/dags/training_pipeline.py
[2026-04-20T06:37:47.558+0000] {processor.py:840} INFO - DAG(s) 'face_recognition_pipeline' retrieved from /opt/airflow/dags/training_pipeline.py
[2026-04-20T06:37:47.575+0000] {logging_mixin.py:188} INFO - [2026-04-20T06:37:47.574+0000] {dag.py:3036} INFO - Sync 1 DAGs
[2026-04-20T06:37:47.587+0000] {logging_mixin.py:188} INFO - [2026-04-20T06:37:47.587+0000] {dag.py:3823} INFO - Setting next_dagrun for face_recognition_pipeline to 2026-04-12 00:00:00+00:00, run_after=2026-04-19 00:00:00+00:00
[2026-04-20T06:37:47.598+0000] {processor.py:183} INFO - Processing /opt/airflow/dags/training_pipeline.py took 0.050 seconds
[2026-04-20T06:38:17.651+0000] {processor.py:161} INFO - Started process (PID=185) to work on /opt/airflow/dags/training_pipeline.py
[2026-04-20T06:38:17.660+0000] {processor.py:830} INFO - Processing file /opt/airflow/dags/training_pipeline.py for tasks to queue
[2026-04-20T06:38:17.661+0000] {logging_mixin.py:188} INFO - [2026-04-20T06:38:17.661+0000] {dagbag.py:538} INFO - Filling up the DagBag from /opt/airflow/dags/training_pipeline.py
[2026-04-20T06:38:17.667+0000] {processor.py:840} INFO - DAG(s) 'face_recognition_pipeline' retrieved from /opt/airflow/dags/training_pipeline.py
[2026-04-20T06:38:17.687+0000] {logging_mixin.py:188} INFO - [2026-04-20T06:38:17.687+0000] {dag.py:3036} INFO - Sync 1 DAGs
[2026-04-20T06:38:17.700+0000] {logging_mixin.py:188} INFO - [2026-04-20T06:38:17.699+0000] {dag.py:3823} INFO - Setting next_dagrun for face_recognition_pipeline to 2026-04-12 00:00:00+00:00, run_after=2026-04-19 00:00:00+00:00
[2026-04-20T06:38:17.709+0000] {processor.py:183} INFO - Processing /opt/airflow/dags/training_pipeline.py took 0.060 seconds
[2026-04-20T06:38:47.771+0000] {processor.py:161} INFO - Started process (PID=196) to work on /opt/airflow/dags/training_pipeline.py
[2026-04-20T06:38:47.781+0000] {processor.py:830} INFO - Processing file /opt/airflow/dags/training_pipeline.py for tasks to queue
[2026-04-20T06:38:47.781+0000] {logging_mixin.py:188} INFO - [2026-04-20T06:38:47.781+0000] {dagbag.py:538} INFO - Filling up the DagBag from /opt/airflow/dags/training_pipeline.py
[2026-04-20T06:38:47.790+0000] {processor.py:840} INFO - DAG(s) 'face_recognition_pipeline' retrieved from /opt/airflow/dags/training_pipeline.py
[2026-04-20T06:38:47.807+0000] {logging_mixin.py:188} INFO - [2026-04-20T06:38:47.807+0000] {dag.py:3036} INFO - Sync 1 DAGs
[2026-04-20T06:38:47.823+0000] {logging_mixin.py:188} INFO - [2026-04-20T06:38:47.822+0000] {dag.py:3823} INFO - Setting next_dagrun for face_recognition_pipeline to 2026-04-19 00:00:00+00:00, run_after=2026-04-26 00:00:00+00:00
[2026-04-20T06:38:47.834+0000] {processor.py:183} INFO - Processing /opt/airflow/dags/training_pipeline.py took 0.065 seconds
[2026-04-20T06:39:17.883+0000] {processor.py:161} INFO - Started process (PID=201) to work on /opt/airflow/dags/training_pipeline.py
[2026-04-20T06:39:17.892+0000] {processor.py:830} INFO - Processing file /opt/airflow/dags/training_pipeline.py for tasks to queue
[2026-04-20T06:39:17.893+0000] {logging_mixin.py:188} INFO - [2026-04-20T06:39:17.893+0000] {dagbag.py:538} INFO - Filling up the DagBag from /opt/airflow/dags/training_pipeline.py
[2026-04-20T06:39:17.900+0000] {processor.py:840} INFO - DAG(s) 'face_recognition_pipeline' retrieved from /opt/airflow/dags/training_pipeline.py
[2026-04-20T06:39:17.917+0000] {logging_mixin.py:188} INFO - [2026-04-20T06:39:17.916+0000] {dag.py:3036} INFO - Sync 1 DAGs
[2026-04-20T06:39:17.930+0000] {logging_mixin.py:188} INFO - [2026-04-20T06:39:17.930+0000] {dag.py:3823} INFO - Setting next_dagrun for face_recognition_pipeline to 2026-04-19 00:00:00+00:00, run_after=2026-04-26 00:00:00+00:00
[2026-04-20T06:39:17.941+0000] {processor.py:183} INFO - Processing /opt/airflow/dags/training_pipeline.py took 0.061 seconds
[2026-04-20T06:39:48.013+0000] {processor.py:161} INFO - Started process (PID=206) to work on /opt/airflow/dags/training_pipeline.py
[2026-04-20T06:39:48.022+0000] {processor.py:830} INFO - Processing file /opt/airflow/dags/training_pipeline.py for tasks to queue
[2026-04-20T06:39:48.023+0000] {logging_mixin.py:188} INFO - [2026-04-20T06:39:48.023+0000] {dagbag.py:538} INFO - Filling up the DagBag from /opt/airflow/dags/training_pipeline.py
[2026-04-20T06:39:48.030+0000] {processor.py:840} INFO - DAG(s) 'face_recognition_pipeline' retrieved from /opt/airflow/dags/training_pipeline.py
[2026-04-20T06:39:48.044+0000] {logging_mixin.py:188} INFO - [2026-04-20T06:39:48.043+0000] {dag.py:3036} INFO - Sync 1 DAGs
[2026-04-20T06:39:48.056+0000] {logging_mixin.py:188} INFO - [2026-04-20T06:39:48.055+0000] {dag.py:3823} INFO - Setting next_dagrun for face_recognition_pipeline to 2026-04-19 00:00:00+00:00, run_after=2026-04-26 00:00:00+00:00
[2026-04-20T06:39:48.067+0000] {processor.py:183} INFO - Processing /opt/airflow/dags/training_pipeline.py took 0.056 seconds
[2026-04-20T06:40:18.118+0000] {processor.py:161} INFO - Started process (PID=211) to work on /opt/airflow/dags/training_pipeline.py
[2026-04-20T06:40:18.128+0000] {processor.py:830} INFO - Processing file /opt/airflow/dags/training_pipeline.py for tasks to queue
[2026-04-20T06:40:18.128+0000] {logging_mixin.py:188} INFO - [2026-04-20T06:40:18.128+0000] {dagbag.py:538} INFO - Filling up the DagBag from /opt/airflow/dags/training_pipeline.py
[2026-04-20T06:40:18.135+0000] {processor.py:840} INFO - DAG(s) 'face_recognition_pipeline' retrieved from /opt/airflow/dags/training_pipeline.py
[2026-04-20T06:40:18.152+0000] {logging_mixin.py:188} INFO - [2026-04-20T06:40:18.152+0000] {dag.py:3036} INFO - Sync 1 DAGs
[2026-04-20T06:40:18.166+0000] {logging_mixin.py:188} INFO - [2026-04-20T06:40:18.166+0000] {dag.py:3823} INFO - Setting next_dagrun for face_recognition_pipeline to 2026-04-19 00:00:00+00:00, run_after=2026-04-26 00:00:00+00:00
[2026-04-20T06:40:18.176+0000] {processor.py:183} INFO - Processing /opt/airflow/dags/training_pipeline.py took 0.060 seconds
[2026-04-20T06:40:48.243+0000] {processor.py:161} INFO - Started process (PID=216) to work on /opt/airflow/dags/training_pipeline.py
[2026-04-20T06:40:48.252+0000] {processor.py:830} INFO - Processing file /opt/airflow/dags/training_pipeline.py for tasks to queue
[2026-04-20T06:40:48.253+0000] {logging_mixin.py:188} INFO - [2026-04-20T06:40:48.253+0000] {dagbag.py:538} INFO - Filling up the DagBag from /opt/airflow/dags/training_pipeline.py
[2026-04-20T06:40:48.262+0000] {processor.py:840} INFO - DAG(s) 'face_recognition_pipeline' retrieved from /opt/airflow/dags/training_pipeline.py
[2026-04-20T06:40:48.278+0000] {logging_mixin.py:188} INFO - [2026-04-20T06:40:48.278+0000] {dag.py:3036} INFO - Sync 1 DAGs
[2026-04-20T06:40:48.291+0000] {logging_mixin.py:188} INFO - [2026-04-20T06:40:48.291+0000] {dag.py:3823} INFO - Setting next_dagrun for face_recognition_pipeline to 2026-04-19 00:00:00+00:00, run_after=2026-04-26 00:00:00+00:00
[2026-04-20T06:40:48.303+0000] {processor.py:183} INFO - Processing /opt/airflow/dags/training_pipeline.py took 0.062 seconds
[2026-04-20T06:41:18.349+0000] {processor.py:161} INFO - Started process (PID=221) to work on /opt/airflow/dags/training_pipeline.py
[2026-04-20T06:41:18.358+0000] {processor.py:830} INFO - Processing file /opt/airflow/dags/training_pipeline.py for tasks to queue
[2026-04-20T06:41:18.359+0000] {logging_mixin.py:188} INFO - [2026-04-20T06:41:18.359+0000] {dagbag.py:538} INFO - Filling up the DagBag from /opt/airflow/dags/training_pipeline.py
[2026-04-20T06:41:18.366+0000] {processor.py:840} INFO - DAG(s) 'face_recognition_pipeline' retrieved from /opt/airflow/dags/training_pipeline.py
[2026-04-20T06:41:18.387+0000] {logging_mixin.py:188} INFO - [2026-04-20T06:41:18.386+0000] {dag.py:3036} INFO - Sync 1 DAGs
[2026-04-20T06:41:18.400+0000] {logging_mixin.py:188} INFO - [2026-04-20T06:41:18.400+0000] {dag.py:3823} INFO - Setting next_dagrun for face_recognition_pipeline to 2026-04-19 00:00:00+00:00, run_after=2026-04-26 00:00:00+00:00
[2026-04-20T06:41:18.410+0000] {processor.py:183} INFO - Processing /opt/airflow/dags/training_pipeline.py took 0.063 seconds
[2026-04-20T06:41:48.494+0000] {processor.py:161} INFO - Started process (PID=226) to work on /opt/airflow/dags/training_pipeline.py
[2026-04-20T06:41:48.504+0000] {processor.py:830} INFO - Processing file /opt/airflow/dags/training_pipeline.py for tasks to queue
[2026-04-20T06:41:48.505+0000] {logging_mixin.py:188} INFO - [2026-04-20T06:41:48.505+0000] {dagbag.py:538} INFO - Filling up the DagBag from /opt/airflow/dags/training_pipeline.py
[2026-04-20T06:41:48.517+0000] {processor.py:840} INFO - DAG(s) 'face_recognition_pipeline' retrieved from /opt/airflow/dags/training_pipeline.py
[2026-04-20T06:41:48.536+0000] {logging_mixin.py:188} INFO - [2026-04-20T06:41:48.536+0000] {dag.py:3036} INFO - Sync 1 DAGs
[2026-04-20T06:41:48.553+0000] {logging_mixin.py:188} INFO - [2026-04-20T06:41:48.553+0000] {dag.py:3823} INFO - Setting next_dagrun for face_recognition_pipeline to 2026-04-19 00:00:00+00:00, run_after=2026-04-26 00:00:00+00:00
[2026-04-20T06:41:48.569+0000] {processor.py:183} INFO - Processing /opt/airflow/dags/training_pipeline.py took 0.077 seconds
[2026-04-20T06:42:18.598+0000] {processor.py:161} INFO - Started process (PID=231) to work on /opt/airflow/dags/training_pipeline.py
[2026-04-20T06:42:18.607+0000] {processor.py:830} INFO - Processing file /opt/airflow/dags/training_pipeline.py for tasks to queue
[2026-04-20T06:42:18.608+0000] {logging_mixin.py:188} INFO - [2026-04-20T06:42:18.608+0000] {dagbag.py:538} INFO - Filling up the DagBag from /opt/airflow/dags/training_pipeline.py
[2026-04-20T06:42:18.617+0000] {processor.py:840} INFO - DAG(s) 'face_recognition_pipeline' retrieved from /opt/airflow/dags/training_pipeline.py
[2026-04-20T06:42:18.638+0000] {logging_mixin.py:188} INFO - [2026-04-20T06:42:18.638+0000] {dag.py:3036} INFO - Sync 1 DAGs
[2026-04-20T06:42:18.651+0000] {logging_mixin.py:188} INFO - [2026-04-20T06:42:18.651+0000] {dag.py:3823} INFO - Setting next_dagrun for face_recognition_pipeline to 2026-04-19 00:00:00+00:00, run_after=2026-04-26 00:00:00+00:00
[2026-04-20T06:42:18.662+0000] {processor.py:183} INFO - Processing /opt/airflow/dags/training_pipeline.py took 0.067 seconds
[2026-04-20T06:42:48.751+0000] {processor.py:161} INFO - Started process (PID=236) to work on /opt/airflow/dags/training_pipeline.py
[2026-04-20T06:42:48.752+0000] {processor.py:830} INFO - Processing file /opt/airflow/dags/training_pipeline.py for tasks to queue
[2026-04-20T06:42:48.752+0000] {logging_mixin.py:188} INFO - [2026-04-20T06:42:48.752+0000] {dagbag.py:538} INFO - Filling up the DagBag from /opt/airflow/dags/training_pipeline.py
[2026-04-20T06:42:48.759+0000] {processor.py:840} INFO - DAG(s) 'face_recognition_pipeline' retrieved from /opt/airflow/dags/training_pipeline.py
[2026-04-20T06:42:48.777+0000] {logging_mixin.py:188} INFO - [2026-04-20T06:42:48.777+0000] {dag.py:3036} INFO - Sync 1 DAGs
[2026-04-20T06:42:48.790+0000] {logging_mixin.py:188} INFO - [2026-04-20T06:42:48.790+0000] {dag.py:3823} INFO - Setting next_dagrun for face_recognition_pipeline to 2026-04-19 00:00:00+00:00, run_after=2026-04-26 00:00:00+00:00
[2026-04-20T06:42:48.800+0000] {processor.py:183} INFO - Processing /opt/airflow/dags/training_pipeline.py took 0.051 seconds
[2026-04-20T06:43:18.854+0000] {processor.py:161} INFO - Started process (PID=241) to work on /opt/airflow/dags/training_pipeline.py
[2026-04-20T06:43:18.863+0000] {processor.py:830} INFO - Processing file /opt/airflow/dags/training_pipeline.py for tasks to queue
[2026-04-20T06:43:18.864+0000] {logging_mixin.py:188} INFO - [2026-04-20T06:43:18.863+0000] {dagbag.py:538} INFO - Filling up the DagBag from /opt/airflow/dags/training_pipeline.py
[2026-04-20T06:43:18.871+0000] {processor.py:840} INFO - DAG(s) 'face_recognition_pipeline' retrieved from /opt/airflow/dags/training_pipeline.py
[2026-04-20T06:43:18.888+0000] {logging_mixin.py:188} INFO - [2026-04-20T06:43:18.887+0000] {dag.py:3036} INFO - Sync 1 DAGs
[2026-04-20T06:43:18.904+0000] {logging_mixin.py:188} INFO - [2026-04-20T06:43:18.904+0000] {dag.py:3823} INFO - Setting next_dagrun for face_recognition_pipeline to 2026-04-19 00:00:00+00:00, run_after=2026-04-26 00:00:00+00:00
[2026-04-20T06:43:18.914+0000] {processor.py:183} INFO - Processing /opt/airflow/dags/training_pipeline.py took 0.062 seconds
[2026-04-20T06:43:48.984+0000] {processor.py:161} INFO - Started process (PID=252) to work on /opt/airflow/dags/training_pipeline.py
[2026-04-20T06:43:48.993+0000] {processor.py:830} INFO - Processing file /opt/airflow/dags/training_pipeline.py for tasks to queue
[2026-04-20T06:43:48.994+0000] {logging_mixin.py:188} INFO - [2026-04-20T06:43:48.994+0000] {dagbag.py:538} INFO - Filling up the DagBag from /opt/airflow/dags/training_pipeline.py
[2026-04-20T06:43:49.001+0000] {processor.py:840} INFO - DAG(s) 'face_recognition_pipeline' retrieved from /opt/airflow/dags/training_pipeline.py
[2026-04-20T06:43:49.019+0000] {logging_mixin.py:188} INFO - [2026-04-20T06:43:49.019+0000] {dag.py:3036} INFO - Sync 1 DAGs
[2026-04-20T06:43:49.034+0000] {logging_mixin.py:188} INFO - [2026-04-20T06:43:49.034+0000] {dag.py:3823} INFO - Setting next_dagrun for face_recognition_pipeline to 2026-04-19 00:00:00+00:00, run_after=2026-04-26 00:00:00+00:00
[2026-04-20T06:43:49.049+0000] {processor.py:183} INFO - Processing /opt/airflow/dags/training_pipeline.py took 0.067 seconds
[2026-04-20T06:44:19.105+0000] {processor.py:161} INFO - Started process (PID=257) to work on /opt/airflow/dags/training_pipeline.py
[2026-04-20T06:44:19.114+0000] {processor.py:830} INFO - Processing file /opt/airflow/dags/training_pipeline.py for tasks to queue
[2026-04-20T06:44:19.115+0000] {logging_mixin.py:188} INFO - [2026-04-20T06:44:19.115+0000] {dagbag.py:538} INFO - Filling up the DagBag from /opt/airflow/dags/training_pipeline.py
[2026-04-20T06:44:19.124+0000] {processor.py:840} INFO - DAG(s) 'face_recognition_pipeline' retrieved from /opt/airflow/dags/training_pipeline.py
[2026-04-20T06:44:19.140+0000] {logging_mixin.py:188} INFO - [2026-04-20T06:44:19.140+0000] {dag.py:3036} INFO - Sync 1 DAGs
[2026-04-20T06:44:19.158+0000] {logging_mixin.py:188} INFO - [2026-04-20T06:44:19.157+0000] {dag.py:3823} INFO - Setting next_dagrun for face_recognition_pipeline to 2026-04-19 00:00:00+00:00, run_after=2026-04-26 00:00:00+00:00
[2026-04-20T06:44:19.169+0000] {processor.py:183} INFO - Processing /opt/airflow/dags/training_pipeline.py took 0.067 seconds
[2026-04-20T06:44:49.237+0000] {processor.py:161} INFO - Started process (PID=262) to work on /opt/airflow/dags/training_pipeline.py
[2026-04-20T06:44:49.247+0000] {processor.py:830} INFO - Processing file /opt/airflow/dags/training_pipeline.py for tasks to queue
[2026-04-20T06:44:49.247+0000] {logging_mixin.py:188} INFO - [2026-04-20T06:44:49.247+0000] {dagbag.py:538} INFO - Filling up the DagBag from /opt/airflow/dags/training_pipeline.py
[2026-04-20T06:44:49.254+0000] {processor.py:840} INFO - DAG(s) 'face_recognition_pipeline' retrieved from /opt/airflow/dags/training_pipeline.py
[2026-04-20T06:44:49.275+0000] {logging_mixin.py:188} INFO - [2026-04-20T06:44:49.274+0000] {dag.py:3036} INFO - Sync 1 DAGs
[2026-04-20T06:44:49.287+0000] {logging_mixin.py:188} INFO - [2026-04-20T06:44:49.287+0000] {dag.py:3823} INFO - Setting next_dagrun for face_recognition_pipeline to 2026-04-19 00:00:00+00:00, run_after=2026-04-26 00:00:00+00:00
[2026-04-20T06:44:49.299+0000] {processor.py:183} INFO - Processing /opt/airflow/dags/training_pipeline.py took 0.063 seconds
[2026-04-20T06:45:19.359+0000] {processor.py:161} INFO - Started process (PID=267) to work on /opt/airflow/dags/training_pipeline.py
[2026-04-20T06:45:19.368+0000] {processor.py:830} INFO - Processing file /opt/airflow/dags/training_pipeline.py for tasks to queue
[2026-04-20T06:45:19.369+0000] {logging_mixin.py:188} INFO - [2026-04-20T06:45:19.369+0000] {dagbag.py:538} INFO - Filling up the DagBag from /opt/airflow/dags/training_pipeline.py
[2026-04-20T06:45:19.378+0000] {processor.py:840} INFO - DAG(s) 'face_recognition_pipeline' retrieved from /opt/airflow/dags/training_pipeline.py
[2026-04-20T06:45:19.396+0000] {logging_mixin.py:188} INFO - [2026-04-20T06:45:19.396+0000] {dag.py:3036} INFO - Sync 1 DAGs
[2026-04-20T06:45:19.411+0000] {logging_mixin.py:188} INFO - [2026-04-20T06:45:19.411+0000] {dag.py:3823} INFO - Setting next_dagrun for face_recognition_pipeline to 2026-04-19 00:00:00+00:00, run_after=2026-04-26 00:00:00+00:00
[2026-04-20T06:45:19.426+0000] {processor.py:183} INFO - Processing /opt/airflow/dags/training_pipeline.py took 0.069 seconds
[2026-04-20T06:45:49.484+0000] {processor.py:161} INFO - Started process (PID=272) to work on /opt/airflow/dags/training_pipeline.py
[2026-04-20T06:45:49.493+0000] {processor.py:830} INFO - Processing file /opt/airflow/dags/training_pipeline.py for tasks to queue
[2026-04-20T06:45:49.494+0000] {logging_mixin.py:188} INFO - [2026-04-20T06:45:49.494+0000] {dagbag.py:538} INFO - Filling up the DagBag from /opt/airflow/dags/training_pipeline.py
[2026-04-20T06:45:49.500+0000] {processor.py:840} INFO - DAG(s) 'face_recognition_pipeline' retrieved from /opt/airflow/dags/training_pipeline.py
[2026-04-20T06:45:49.515+0000] {logging_mixin.py:188} INFO - [2026-04-20T06:45:49.515+0000] {dag.py:3036} INFO - Sync 1 DAGs
[2026-04-20T06:45:49.527+0000] {logging_mixin.py:188} INFO - [2026-04-20T06:45:49.527+0000] {dag.py:3823} INFO - Setting next_dagrun for face_recognition_pipeline to 2026-04-19 00:00:00+00:00, run_after=2026-04-26 00:00:00+00:00
[2026-04-20T06:45:49.538+0000] {processor.py:183} INFO - Processing /opt/airflow/dags/training_pipeline.py took 0.056 seconds
[2026-04-20T06:46:19.611+0000] {processor.py:161} INFO - Started process (PID=277) to work on /opt/airflow/dags/training_pipeline.py
[2026-04-20T06:46:19.620+0000] {processor.py:830} INFO - Processing file /opt/airflow/dags/training_pipeline.py for tasks to queue
[2026-04-20T06:46:19.621+0000] {logging_mixin.py:188} INFO - [2026-04-20T06:46:19.621+0000] {dagbag.py:538} INFO - Filling up the DagBag from /opt/airflow/dags/training_pipeline.py
[2026-04-20T06:46:19.628+0000] {processor.py:840} INFO - DAG(s) 'face_recognition_pipeline' retrieved from /opt/airflow/dags/training_pipeline.py
[2026-04-20T06:46:19.644+0000] {logging_mixin.py:188} INFO - [2026-04-20T06:46:19.644+0000] {dag.py:3036} INFO - Sync 1 DAGs
[2026-04-20T06:46:19.658+0000] {logging_mixin.py:188} INFO - [2026-04-20T06:46:19.657+0000] {dag.py:3823} INFO - Setting next_dagrun for face_recognition_pipeline to 2026-04-19 00:00:00+00:00, run_after=2026-04-26 00:00:00+00:00
[2026-04-20T06:46:19.670+0000] {processor.py:183} INFO - Processing /opt/airflow/dags/training_pipeline.py took 0.062 seconds
[2026-04-20T06:46:49.723+0000] {processor.py:161} INFO - Started process (PID=282) to work on /opt/airflow/dags/training_pipeline.py
[2026-04-20T06:46:49.733+0000] {processor.py:830} INFO - Processing file /opt/airflow/dags/training_pipeline.py for tasks to queue
[2026-04-20T06:46:49.733+0000] {logging_mixin.py:188} INFO - [2026-04-20T06:46:49.733+0000] {dagbag.py:538} INFO - Filling up the DagBag from /opt/airflow/dags/training_pipeline.py
[2026-04-20T06:46:49.740+0000] {processor.py:840} INFO - DAG(s) 'face_recognition_pipeline' retrieved from /opt/airflow/dags/training_pipeline.py
[2026-04-20T06:46:49.755+0000] {logging_mixin.py:188} INFO - [2026-04-20T06:46:49.755+0000] {dag.py:3036} INFO - Sync 1 DAGs
[2026-04-20T06:46:49.768+0000] {logging_mixin.py:188} INFO - [2026-04-20T06:46:49.768+0000] {dag.py:3823} INFO - Setting next_dagrun for face_recognition_pipeline to 2026-04-19 00:00:00+00:00, run_after=2026-04-26 00:00:00+00:00
[2026-04-20T06:46:49.778+0000] {processor.py:183} INFO - Processing /opt/airflow/dags/training_pipeline.py took 0.056 seconds
[2026-04-20T06:47:19.857+0000] {processor.py:161} INFO - Started process (PID=287) to work on /opt/airflow/dags/training_pipeline.py
[2026-04-20T06:47:19.866+0000] {processor.py:830} INFO - Processing file /opt/airflow/dags/training_pipeline.py for tasks to queue
[2026-04-20T06:47:19.867+0000] {logging_mixin.py:188} INFO - [2026-04-20T06:47:19.867+0000] {dagbag.py:538} INFO - Filling up the DagBag from /opt/airflow/dags/training_pipeline.py
[2026-04-20T06:47:19.873+0000] {processor.py:840} INFO - DAG(s) 'face_recognition_pipeline' retrieved from /opt/airflow/dags/training_pipeline.py
[2026-04-20T06:47:19.888+0000] {logging_mixin.py:188} INFO - [2026-04-20T06:47:19.888+0000] {dag.py:3036} INFO - Sync 1 DAGs
[2026-04-20T06:47:19.900+0000] {logging_mixin.py:188} INFO - [2026-04-20T06:47:19.900+0000] {dag.py:3823} INFO - Setting next_dagrun for face_recognition_pipeline to 2026-04-19 00:00:00+00:00, run_after=2026-04-26 00:00:00+00:00
[2026-04-20T06:47:19.911+0000] {processor.py:183} INFO - Processing /opt/airflow/dags/training_pipeline.py took 0.056 seconds
[2026-04-20T06:47:49.970+0000] {processor.py:161} INFO - Started process (PID=292) to work on /opt/airflow/dags/training_pipeline.py
[2026-04-20T06:47:49.980+0000] {processor.py:830} INFO - Processing file /opt/airflow/dags/training_pipeline.py for tasks to queue
[2026-04-20T06:47:49.980+0000] {logging_mixin.py:188} INFO - [2026-04-20T06:47:49.980+0000] {dagbag.py:538} INFO - Filling up the DagBag from /opt/airflow/dags/training_pipeline.py
[2026-04-20T06:47:49.988+0000] {processor.py:840} INFO - DAG(s) 'face_recognition_pipeline' retrieved from /opt/airflow/dags/training_pipeline.py
[2026-04-20T06:47:50.004+0000] {logging_mixin.py:188} INFO - [2026-04-20T06:47:50.004+0000] {dag.py:3036} INFO - Sync 1 DAGs
[2026-04-20T06:47:50.016+0000] {logging_mixin.py:188} INFO - [2026-04-20T06:47:50.016+0000] {dag.py:3823} INFO - Setting next_dagrun for face_recognition_pipeline to 2026-04-19 00:00:00+00:00, run_after=2026-04-26 00:00:00+00:00
[2026-04-20T06:47:50.027+0000] {processor.py:183} INFO - Processing /opt/airflow/dags/training_pipeline.py took 0.060 seconds
[2026-04-20T06:48:20.100+0000] {processor.py:161} INFO - Started process (PID=297) to work on /opt/airflow/dags/training_pipeline.py
[2026-04-20T06:48:20.109+0000] {processor.py:830} INFO - Processing file /opt/airflow/dags/training_pipeline.py for tasks to queue
[2026-04-20T06:48:20.110+0000] {logging_mixin.py:188} INFO - [2026-04-20T06:48:20.110+0000] {dagbag.py:538} INFO - Filling up the DagBag from /opt/airflow/dags/training_pipeline.py
[2026-04-20T06:48:20.116+0000] {processor.py:840} INFO - DAG(s) 'face_recognition_pipeline' retrieved from /opt/airflow/dags/training_pipeline.py
[2026-04-20T06:48:20.133+0000] {logging_mixin.py:188} INFO - [2026-04-20T06:48:20.133+0000] {dag.py:3036} INFO - Sync 1 DAGs
[2026-04-20T06:48:20.145+0000] {logging_mixin.py:188} INFO - [2026-04-20T06:48:20.145+0000] {dag.py:3823} INFO - Setting next_dagrun for face_recognition_pipeline to 2026-04-19 00:00:00+00:00, run_after=2026-04-26 00:00:00+00:00
[2026-04-20T06:48:20.156+0000] {processor.py:183} INFO - Processing /opt/airflow/dags/training_pipeline.py took 0.057 seconds
[2026-04-20T06:55:09.264+0000] {processor.py:161} INFO - Started process (PID=170) to work on /opt/airflow/dags/training_pipeline.py
[2026-04-20T06:55:09.265+0000] {processor.py:830} INFO - Processing file /opt/airflow/dags/training_pipeline.py for tasks to queue
[2026-04-20T06:55:09.265+0000] {logging_mixin.py:188} INFO - [2026-04-20T06:55:09.265+0000] {dagbag.py:538} INFO - Filling up the DagBag from /opt/airflow/dags/training_pipeline.py
[2026-04-20T06:55:09.288+0000] {processor.py:840} INFO - DAG(s) 'face_recognition_pipeline' retrieved from /opt/airflow/dags/training_pipeline.py
[2026-04-20T06:55:09.304+0000] {logging_mixin.py:188} INFO - [2026-04-20T06:55:09.303+0000] {dag.py:3036} INFO - Sync 1 DAGs
[2026-04-20T06:55:09.322+0000] {logging_mixin.py:188} INFO - [2026-04-20T06:55:09.322+0000] {dag.py:3823} INFO - Setting next_dagrun for face_recognition_pipeline to 2026-04-19 00:00:00+00:00, run_after=2026-04-26 00:00:00+00:00
[2026-04-20T06:55:09.340+0000] {processor.py:183} INFO - Processing /opt/airflow/dags/training_pipeline.py took 0.079 seconds
[2026-04-20T06:55:39.375+0000] {processor.py:161} INFO - Started process (PID=176) to work on /opt/airflow/dags/training_pipeline.py
[2026-04-20T06:55:39.376+0000] {processor.py:830} INFO - Processing file /opt/airflow/dags/training_pipeline.py for tasks to queue
[2026-04-20T06:55:39.377+0000] {logging_mixin.py:188} INFO - [2026-04-20T06:55:39.377+0000] {dagbag.py:538} INFO - Filling up the DagBag from /opt/airflow/dags/training_pipeline.py
[2026-04-20T06:55:39.386+0000] {processor.py:840} INFO - DAG(s) 'face_recognition_pipeline' retrieved from /opt/airflow/dags/training_pipeline.py
[2026-04-20T06:55:39.536+0000] {logging_mixin.py:188} INFO - [2026-04-20T06:55:39.536+0000] {dag.py:3036} INFO - Sync 1 DAGs
[2026-04-20T06:55:39.549+0000] {logging_mixin.py:188} INFO - [2026-04-20T06:55:39.549+0000] {dag.py:3823} INFO - Setting next_dagrun for face_recognition_pipeline to 2026-04-19 00:00:00+00:00, run_after=2026-04-26 00:00:00+00:00
[2026-04-20T06:55:39.564+0000] {processor.py:183} INFO - Processing /opt/airflow/dags/training_pipeline.py took 0.191 seconds
[2026-04-20T06:56:09.656+0000] {processor.py:161} INFO - Started process (PID=184) to work on /opt/airflow/dags/training_pipeline.py
[2026-04-20T06:56:09.657+0000] {processor.py:830} INFO - Processing file /opt/airflow/dags/training_pipeline.py for tasks to queue
[2026-04-20T06:56:09.657+0000] {logging_mixin.py:188} INFO - [2026-04-20T06:56:09.657+0000] {dagbag.py:538} INFO - Filling up the DagBag from /opt/airflow/dags/training_pipeline.py
[2026-04-20T06:56:09.667+0000] {processor.py:840} INFO - DAG(s) 'face_recognition_pipeline' retrieved from /opt/airflow/dags/training_pipeline.py
[2026-04-20T06:56:09.687+0000] {logging_mixin.py:188} INFO - [2026-04-20T06:56:09.686+0000] {dag.py:3036} INFO - Sync 1 DAGs
[2026-04-20T06:56:09.703+0000] {logging_mixin.py:188} INFO - [2026-04-20T06:56:09.703+0000] {dag.py:3823} INFO - Setting next_dagrun for face_recognition_pipeline to 2026-04-19 00:00:00+00:00, run_after=2026-04-26 00:00:00+00:00
[2026-04-20T06:56:09.718+0000] {processor.py:183} INFO - Processing /opt/airflow/dags/training_pipeline.py took 0.065 seconds
[2026-04-20T06:56:34.733+0000] {processor.py:161} INFO - Started process (PID=189) to work on /opt/airflow/dags/training_pipeline.py
[2026-04-20T06:56:34.742+0000] {processor.py:830} INFO - Processing file /opt/airflow/dags/training_pipeline.py for tasks to queue
[2026-04-20T06:56:34.743+0000] {logging_mixin.py:188} INFO - [2026-04-20T06:56:34.743+0000] {dagbag.py:538} INFO - Filling up the DagBag from /opt/airflow/dags/training_pipeline.py
[2026-04-20T06:56:34.751+0000] {processor.py:840} INFO - DAG(s) 'face_recognition_pipeline' retrieved from /opt/airflow/dags/training_pipeline.py
[2026-04-20T06:56:34.772+0000] {logging_mixin.py:188} INFO - [2026-04-20T06:56:34.771+0000] {dag.py:3036} INFO - Sync 1 DAGs
[2026-04-20T06:56:34.789+0000] {logging_mixin.py:188} INFO - [2026-04-20T06:56:34.789+0000] {dag.py:3823} INFO - Setting next_dagrun for face_recognition_pipeline to 2026-04-19 00:00:00+00:00, run_after=2026-04-26 00:00:00+00:00
[2026-04-20T06:56:34.804+0000] {processor.py:183} INFO - Processing /opt/airflow/dags/training_pipeline.py took 0.074 seconds
[2026-04-20T06:57:04.884+0000] {processor.py:161} INFO - Started process (PID=194) to work on /opt/airflow/dags/training_pipeline.py
[2026-04-20T06:57:04.893+0000] {processor.py:830} INFO - Processing file /opt/airflow/dags/training_pipeline.py for tasks to queue
[2026-04-20T06:57:04.894+0000] {logging_mixin.py:188} INFO - [2026-04-20T06:57:04.894+0000] {dagbag.py:538} INFO - Filling up the DagBag from /opt/airflow/dags/training_pipeline.py
[2026-04-20T06:57:04.901+0000] {processor.py:840} INFO - DAG(s) 'face_recognition_pipeline' retrieved from /opt/airflow/dags/training_pipeline.py
[2026-04-20T06:57:04.917+0000] {logging_mixin.py:188} INFO - [2026-04-20T06:57:04.916+0000] {dag.py:3036} INFO - Sync 1 DAGs
[2026-04-20T06:57:04.930+0000] {logging_mixin.py:188} INFO - [2026-04-20T06:57:04.929+0000] {dag.py:3823} INFO - Setting next_dagrun for face_recognition_pipeline to 2026-04-19 00:00:00+00:00, run_after=2026-04-26 00:00:00+00:00
[2026-04-20T06:57:04.940+0000] {processor.py:183} INFO - Processing /opt/airflow/dags/training_pipeline.py took 0.058 seconds
[2026-04-20T06:57:45.045+0000] {processor.py:161} INFO - Started process (PID=170) to work on /opt/airflow/dags/training_pipeline.py
[2026-04-20T06:57:45.051+0000] {processor.py:830} INFO - Processing file /opt/airflow/dags/training_pipeline.py for tasks to queue
[2026-04-20T06:57:45.052+0000] {logging_mixin.py:188} INFO - [2026-04-20T06:57:45.051+0000] {dagbag.py:538} INFO - Filling up the DagBag from /opt/airflow/dags/training_pipeline.py
[2026-04-20T06:57:45.077+0000] {processor.py:840} INFO - DAG(s) 'face_recognition_pipeline' retrieved from /opt/airflow/dags/training_pipeline.py
[2026-04-20T06:57:45.131+0000] {logging_mixin.py:188} INFO - [2026-04-20T06:57:45.131+0000] {dag.py:3036} INFO - Sync 1 DAGs
[2026-04-20T06:57:45.154+0000] {logging_mixin.py:188} INFO - [2026-04-20T06:57:45.154+0000] {dag.py:3823} INFO - Setting next_dagrun for face_recognition_pipeline to 2026-04-19 00:00:00+00:00, run_after=2026-04-26 00:00:00+00:00
[2026-04-20T06:57:45.168+0000] {processor.py:183} INFO - Processing /opt/airflow/dags/training_pipeline.py took 0.129 seconds
