[2026-04-20T06:43:32.901+0000] {taskinstance.py:1956} INFO - Dependencies all met for dep_context=non-requeueable deps ti=<TaskInstance: face_recognition_pipeline.dvc_pull_data manual__2026-04-20T06:38:31.406394+00:00 [queued]>
[2026-04-20T06:43:32.906+0000] {taskinstance.py:1956} INFO - Dependencies all met for dep_context=requeueable deps ti=<TaskInstance: face_recognition_pipeline.dvc_pull_data manual__2026-04-20T06:38:31.406394+00:00 [queued]>
[2026-04-20T06:43:32.906+0000] {taskinstance.py:2170} INFO - Starting attempt 2 of 2
[2026-04-20T06:43:32.914+0000] {taskinstance.py:2191} INFO - Executing <Task(BashOperator): dvc_pull_data> on 2026-04-20 06:38:31.406394+00:00
[2026-04-20T06:43:32.917+0000] {standard_task_runner.py:60} INFO - Started process 250 to run task
[2026-04-20T06:43:32.919+0000] {standard_task_runner.py:87} INFO - Running: ['***', 'tasks', 'run', 'face_recognition_pipeline', 'dvc_pull_data', 'manual__2026-04-20T06:38:31.406394+00:00', '--job-id', '6', '--raw', '--subdir', 'DAGS_FOLDER/training_pipeline.py', '--cfg-path', '/tmp/tmpkfhco53p']
[2026-04-20T06:43:32.921+0000] {standard_task_runner.py:88} INFO - Job 6: Subtask dvc_pull_data
[2026-04-20T06:43:32.948+0000] {task_command.py:423} INFO - Running <TaskInstance: face_recognition_pipeline.dvc_pull_data manual__2026-04-20T06:38:31.406394+00:00 [running]> on host defb9280ce71
[2026-04-20T06:43:32.993+0000] {taskinstance.py:2480} INFO - Exporting env vars: AIRFLOW_CTX_DAG_OWNER='mlops' AIRFLOW_CTX_DAG_ID='face_recognition_pipeline' AIRFLOW_CTX_TASK_ID='dvc_pull_data' AIRFLOW_CTX_EXECUTION_DATE='2026-04-20T06:38:31.406394+00:00' AIRFLOW_CTX_TRY_NUMBER='2' AIRFLOW_CTX_DAG_RUN_ID='manual__2026-04-20T06:38:31.406394+00:00'
[2026-04-20T06:43:32.994+0000] {subprocess.py:63} INFO - Tmp dir root location: /tmp
[2026-04-20T06:43:32.994+0000] {subprocess.py:75} INFO - Running command: ['/usr/bin/bash', '-c', 'cd /opt/*** && dvc pull']
[2026-04-20T06:43:33.001+0000] {subprocess.py:86} INFO - Output:
[2026-04-20T06:43:33.002+0000] {subprocess.py:93} INFO - /usr/bin/bash: line 1: dvc: command not found
[2026-04-20T06:43:33.002+0000] {subprocess.py:97} INFO - Command exited with return code 127
[2026-04-20T06:43:33.009+0000] {taskinstance.py:2698} ERROR - Task failed with exception
Traceback (most recent call last):
  File "/home/airflow/.local/lib/python3.8/site-packages/airflow/models/taskinstance.py", line 433, in _execute_task
    result = execute_callable(context=context, **execute_callable_kwargs)
  File "/home/airflow/.local/lib/python3.8/site-packages/airflow/operators/bash.py", line 212, in execute
    raise AirflowException(
airflow.exceptions.AirflowException: Bash command failed. The command returned a non-zero exit code 127.
[2026-04-20T06:43:33.011+0000] {taskinstance.py:1138} INFO - Marking task as FAILED. dag_id=face_recognition_pipeline, task_id=dvc_pull_data, execution_date=20260420T063831, start_date=20260420T064332, end_date=20260420T064333
[2026-04-20T06:43:33.017+0000] {standard_task_runner.py:107} ERROR - Failed to execute job 6 for task dvc_pull_data (Bash command failed. The command returned a non-zero exit code 127.; 250)
[2026-04-20T06:43:33.050+0000] {local_task_job_runner.py:234} INFO - Task exited with return code 1
[2026-04-20T06:43:33.066+0000] {taskinstance.py:3280} INFO - 0 downstream tasks scheduled from follow-on schedule check
