[2026-04-20T06:56:03.872+0000] {taskinstance.py:1956} INFO - Dependencies all met for dep_context=non-requeueable deps ti=<TaskInstance: face_recognition_pipeline.train_model manual__2026-04-20T06:56:03.211717+00:00 [queued]>
[2026-04-20T06:56:03.878+0000] {taskinstance.py:1956} INFO - Dependencies all met for dep_context=requeueable deps ti=<TaskInstance: face_recognition_pipeline.train_model manual__2026-04-20T06:56:03.211717+00:00 [queued]>
[2026-04-20T06:56:03.879+0000] {taskinstance.py:2170} INFO - Starting attempt 1 of 2
[2026-04-20T06:56:03.888+0000] {taskinstance.py:2191} INFO - Executing <Task(BashOperator): train_model> on 2026-04-20 06:56:03.211717+00:00
[2026-04-20T06:56:03.891+0000] {standard_task_runner.py:60} INFO - Started process 182 to run task
[2026-04-20T06:56:03.893+0000] {standard_task_runner.py:87} INFO - Running: ['***', 'tasks', 'run', 'face_recognition_pipeline', 'train_model', 'manual__2026-04-20T06:56:03.211717+00:00', '--job-id', '8', '--raw', '--subdir', 'DAGS_FOLDER/training_pipeline.py', '--cfg-path', '/tmp/tmpnmjx7t1m']
[2026-04-20T06:56:03.894+0000] {standard_task_runner.py:88} INFO - Job 8: Subtask train_model
[2026-04-20T06:56:03.929+0000] {task_command.py:423} INFO - Running <TaskInstance: face_recognition_pipeline.train_model manual__2026-04-20T06:56:03.211717+00:00 [running]> on host c8465fdc00ab
[2026-04-20T06:56:03.992+0000] {taskinstance.py:2480} INFO - Exporting env vars: AIRFLOW_CTX_DAG_OWNER='mlops' AIRFLOW_CTX_DAG_ID='face_recognition_pipeline' AIRFLOW_CTX_TASK_ID='train_model' AIRFLOW_CTX_EXECUTION_DATE='2026-04-20T06:56:03.211717+00:00' AIRFLOW_CTX_TRY_NUMBER='1' AIRFLOW_CTX_DAG_RUN_ID='manual__2026-04-20T06:56:03.211717+00:00'
[2026-04-20T06:56:03.993+0000] {subprocess.py:63} INFO - Tmp dir root location: /tmp
[2026-04-20T06:56:03.993+0000] {subprocess.py:75} INFO - Running command: ['/usr/bin/bash', '-c', 'cd /opt/*** && PYTHONPATH=/opt/***/src python src/main.py']
[2026-04-20T06:56:04.000+0000] {subprocess.py:86} INFO - Output:
[2026-04-20T06:56:04.016+0000] {subprocess.py:93} INFO - python: can't open file 'src/main.py': [Errno 2] No such file or directory
[2026-04-20T06:56:04.018+0000] {subprocess.py:97} INFO - Command exited with return code 2
[2026-04-20T06:56:04.027+0000] {taskinstance.py:2698} ERROR - Task failed with exception
Traceback (most recent call last):
  File "/home/airflow/.local/lib/python3.8/site-packages/airflow/models/taskinstance.py", line 433, in _execute_task
    result = execute_callable(context=context, **execute_callable_kwargs)
  File "/home/airflow/.local/lib/python3.8/site-packages/airflow/operators/bash.py", line 212, in execute
    raise AirflowException(
airflow.exceptions.AirflowException: Bash command failed. The command returned a non-zero exit code 2.
[2026-04-20T06:56:04.030+0000] {taskinstance.py:1138} INFO - Marking task as UP_FOR_RETRY. dag_id=face_recognition_pipeline, task_id=train_model, execution_date=20260420T065603, start_date=20260420T065603, end_date=20260420T065604
[2026-04-20T06:56:04.039+0000] {standard_task_runner.py:107} ERROR - Failed to execute job 8 for task train_model (Bash command failed. The command returned a non-zero exit code 2.; 182)
[2026-04-20T06:56:04.065+0000] {local_task_job_runner.py:234} INFO - Task exited with return code 1
[2026-04-20T06:56:04.085+0000] {taskinstance.py:3280} INFO - 0 downstream tasks scheduled from follow-on schedule check
