[2026-04-20T06:25:59.429+0000] {manager.py:469} INFO - Processing files using up to 2 processes at a time 
[2026-04-20T06:25:59.430+0000] {manager.py:470} INFO - Process each file at most once every 30 seconds
[2026-04-20T06:25:59.430+0000] {manager.py:471} INFO - Checking for new files in /opt/airflow/dags every 300 seconds
[2026-04-20T06:25:59.430+0000] {manager.py:738} INFO - Searching for files in /opt/airflow/dags
[2026-04-20T06:25:59.431+0000] {manager.py:741} INFO - There are 1 files in /opt/airflow/dags
[2026-04-20T06:25:59.492+0000] {manager.py:879} INFO - 
================================================================================
DAG File Processing Stats

File Path                                 PID  Runtime      # DAGs    # Errors  Last Runtime    Last Run
--------------------------------------  -----  ---------  --------  ----------  --------------  ----------
/opt/airflow/dags/training_pipeline.py    170  0.03s             0           0
================================================================================
[2026-04-20T06:26:29.574+0000] {manager.py:879} INFO - 
================================================================================
DAG File Processing Stats

File Path                               PID    Runtime      # DAGs    # Errors  Last Runtime    Last Run
--------------------------------------  -----  ---------  --------  ----------  --------------  -------------------
/opt/airflow/dags/training_pipeline.py                           1           0  0.33s           2026-04-20T06:25:59
================================================================================
[2026-04-20T06:26:59.970+0000] {manager.py:879} INFO - 
================================================================================
DAG File Processing Stats

File Path                                 PID  Runtime      # DAGs    # Errors  Last Runtime    Last Run
--------------------------------------  -----  ---------  --------  ----------  --------------  -------------------
/opt/airflow/dags/training_pipeline.py    181  0.00s             1           0  0.08s           2026-04-20T06:26:29
================================================================================
[2026-04-20T06:27:30.113+0000] {manager.py:879} INFO - 
================================================================================
DAG File Processing Stats

File Path                                 PID  Runtime      # DAGs    # Errors  Last Runtime    Last Run
--------------------------------------  -----  ---------  --------  ----------  --------------  -------------------
/opt/airflow/dags/training_pipeline.py    186  0.00s             1           0  0.06s           2026-04-20T06:27:00
================================================================================
[2026-04-20T06:28:00.209+0000] {manager.py:879} INFO - 
================================================================================
DAG File Processing Stats

File Path                                 PID  Runtime      # DAGs    # Errors  Last Runtime    Last Run
--------------------------------------  -----  ---------  --------  ----------  --------------  -------------------
/opt/airflow/dags/training_pipeline.py    191  0.00s             1           0  0.07s           2026-04-20T06:27:30
================================================================================
[2026-04-20T06:28:30.354+0000] {manager.py:879} INFO - 
================================================================================
DAG File Processing Stats

File Path                                 PID  Runtime      # DAGs    # Errors  Last Runtime    Last Run
--------------------------------------  -----  ---------  --------  ----------  --------------  -------------------
/opt/airflow/dags/training_pipeline.py    196  0.00s             1           0  0.08s           2026-04-20T06:28:00
================================================================================
[2026-04-20T06:29:00.457+0000] {manager.py:879} INFO - 
================================================================================
DAG File Processing Stats

File Path                                 PID  Runtime      # DAGs    # Errors  Last Runtime    Last Run
--------------------------------------  -----  ---------  --------  ----------  --------------  -------------------
/opt/airflow/dags/training_pipeline.py    201  0.00s             1           0  0.07s           2026-04-20T06:28:30
================================================================================
[2026-04-20T06:29:30.594+0000] {manager.py:879} INFO - 
================================================================================
DAG File Processing Stats

File Path                                 PID  Runtime      # DAGs    # Errors  Last Runtime    Last Run
--------------------------------------  -----  ---------  --------  ----------  --------------  -------------------
/opt/airflow/dags/training_pipeline.py    206  0.00s             1           0  0.08s           2026-04-20T06:29:00
================================================================================
[2026-04-20T06:30:00.700+0000] {manager.py:879} INFO - 
================================================================================
DAG File Processing Stats

File Path                                 PID  Runtime      # DAGs    # Errors  Last Runtime    Last Run
--------------------------------------  -----  ---------  --------  ----------  --------------  -------------------
/opt/airflow/dags/training_pipeline.py    211  0.00s             1           0  0.07s           2026-04-20T06:29:30
================================================================================
[2026-04-20T06:30:30.829+0000] {manager.py:879} INFO - 
================================================================================
DAG File Processing Stats

File Path                                 PID  Runtime      # DAGs    # Errors  Last Runtime    Last Run
--------------------------------------  -----  ---------  --------  ----------  --------------  -------------------
/opt/airflow/dags/training_pipeline.py    216  0.00s             1           0  0.07s           2026-04-20T06:30:00
================================================================================
[2026-04-20T06:30:59.929+0000] {manager.py:738} INFO - Searching for files in /opt/airflow/dags
[2026-04-20T06:30:59.930+0000] {manager.py:741} INFO - There are 1 files in /opt/airflow/dags
[2026-04-20T06:31:00.946+0000] {manager.py:879} INFO - 
================================================================================
DAG File Processing Stats

File Path                                 PID  Runtime      # DAGs    # Errors  Last Runtime    Last Run
--------------------------------------  -----  ---------  --------  ----------  --------------  -------------------
/opt/airflow/dags/training_pipeline.py    221  0.00s             1           0  0.07s           2026-04-20T06:30:30
================================================================================
[2026-04-20T06:31:31.074+0000] {manager.py:879} INFO - 
================================================================================
DAG File Processing Stats

File Path                                 PID  Runtime      # DAGs    # Errors  Last Runtime    Last Run
--------------------------------------  -----  ---------  --------  ----------  --------------  -------------------
/opt/airflow/dags/training_pipeline.py    226  0.00s             1           0  0.07s           2026-04-20T06:31:01
================================================================================
[2026-04-20T06:32:01.191+0000] {manager.py:879} INFO - 
================================================================================
DAG File Processing Stats

File Path                                 PID  Runtime      # DAGs    # Errors  Last Runtime    Last Run
--------------------------------------  -----  ---------  --------  ----------  --------------  -------------------
/opt/airflow/dags/training_pipeline.py    231  0.00s             1           0  0.07s           2026-04-20T06:31:31
================================================================================
[2026-04-20T06:32:31.325+0000] {manager.py:879} INFO - 
================================================================================
DAG File Processing Stats

File Path                                 PID  Runtime      # DAGs    # Errors  Last Runtime    Last Run
--------------------------------------  -----  ---------  --------  ----------  --------------  -------------------
/opt/airflow/dags/training_pipeline.py    236  0.00s             1           0  0.07s           2026-04-20T06:32:01
================================================================================
[2026-04-20T06:33:01.443+0000] {manager.py:879} INFO - 
================================================================================
DAG File Processing Stats

File Path                                 PID  Runtime      # DAGs    # Errors  Last Runtime    Last Run
--------------------------------------  -----  ---------  --------  ----------  --------------  -------------------
/opt/airflow/dags/training_pipeline.py    241  0.00s             1           0  0.07s           2026-04-20T06:32:31
================================================================================
[2026-04-20T06:33:31.575+0000] {manager.py:879} INFO - 
================================================================================
DAG File Processing Stats

File Path                                 PID  Runtime      # DAGs    # Errors  Last Runtime    Last Run
--------------------------------------  -----  ---------  --------  ----------  --------------  -------------------
/opt/airflow/dags/training_pipeline.py    246  0.00s             1           0  0.07s           2026-04-20T06:33:01
================================================================================
[2026-04-20T06:34:01.681+0000] {manager.py:879} INFO - 
================================================================================
DAG File Processing Stats

File Path                                 PID  Runtime      # DAGs    # Errors  Last Runtime    Last Run
--------------------------------------  -----  ---------  --------  ----------  --------------  -------------------
/opt/airflow/dags/training_pipeline.py    251  0.00s             1           0  0.07s           2026-04-20T06:33:31
================================================================================
[2026-04-20T06:34:31.807+0000] {manager.py:879} INFO - 
================================================================================
DAG File Processing Stats

File Path                                 PID  Runtime      # DAGs    # Errors  Last Runtime    Last Run
--------------------------------------  -----  ---------  --------  ----------  --------------  -------------------
/opt/airflow/dags/training_pipeline.py    256  0.00s             1           0  0.07s           2026-04-20T06:34:01
================================================================================
[2026-04-20T06:35:01.924+0000] {manager.py:879} INFO - 
================================================================================
DAG File Processing Stats

File Path                                 PID  Runtime      # DAGs    # Errors  Last Runtime    Last Run
--------------------------------------  -----  ---------  --------  ----------  --------------  -------------------
/opt/airflow/dags/training_pipeline.py    261  0.00s             1           0  0.07s           2026-04-20T06:34:31
================================================================================
[2026-04-20T06:35:32.056+0000] {manager.py:879} INFO - 
================================================================================
DAG File Processing Stats

File Path                                 PID  Runtime      # DAGs    # Errors  Last Runtime    Last Run
--------------------------------------  -----  ---------  --------  ----------  --------------  -------------------
/opt/airflow/dags/training_pipeline.py    266  0.00s             1           0  0.07s           2026-04-20T06:35:01
================================================================================
[2026-04-20T06:36:00.157+0000] {manager.py:738} INFO - Searching for files in /opt/airflow/dags
[2026-04-20T06:36:00.158+0000] {manager.py:741} INFO - There are 1 files in /opt/airflow/dags
[2026-04-20T06:36:02.173+0000] {manager.py:879} INFO - 
================================================================================
DAG File Processing Stats

File Path                                 PID  Runtime      # DAGs    # Errors  Last Runtime    Last Run
--------------------------------------  -----  ---------  --------  ----------  --------------  -------------------
/opt/airflow/dags/training_pipeline.py    271  0.00s             1           0  0.08s           2026-04-20T06:35:32
================================================================================
[2026-04-20T06:36:04.287+0000] {manager.py:451} INFO - Exiting gracefully upon receiving signal 15
[2026-04-20T06:36:47.115+0000] {manager.py:469} INFO - Processing files using up to 2 processes at a time 
[2026-04-20T06:36:47.116+0000] {manager.py:470} INFO - Process each file at most once every 30 seconds
[2026-04-20T06:36:47.116+0000] {manager.py:471} INFO - Checking for new files in /opt/airflow/dags every 300 seconds
[2026-04-20T06:36:47.116+0000] {manager.py:738} INFO - Searching for files in /opt/airflow/dags
[2026-04-20T06:36:47.117+0000] {manager.py:741} INFO - There are 1 files in /opt/airflow/dags
[2026-04-20T06:36:47.168+0000] {manager.py:879} INFO - 
================================================================================
DAG File Processing Stats

File Path                                 PID  Runtime      # DAGs    # Errors  Last Runtime    Last Run
--------------------------------------  -----  ---------  --------  ----------  --------------  ----------
/opt/airflow/dags/training_pipeline.py    169  0.02s             0           0
================================================================================
[2026-04-20T06:37:17.275+0000] {manager.py:879} INFO - 
================================================================================
DAG File Processing Stats

File Path                                 PID  Runtime      # DAGs    # Errors  Last Runtime    Last Run
--------------------------------------  -----  ---------  --------  ----------  --------------  -------------------
/opt/airflow/dags/training_pipeline.py    175  0.00s             1           0  0.09s           2026-04-20T06:36:47
================================================================================
[2026-04-20T06:37:47.398+0000] {manager.py:879} INFO - 
================================================================================
DAG File Processing Stats

File Path                               PID    Runtime      # DAGs    # Errors  Last Runtime    Last Run
--------------------------------------  -----  ---------  --------  ----------  --------------  -------------------
/opt/airflow/dags/training_pipeline.py                           1           0  0.19s           2026-04-20T06:37:17
================================================================================
[2026-04-20T06:38:17.646+0000] {manager.py:879} INFO - 
================================================================================
DAG File Processing Stats

File Path                                 PID  Runtime      # DAGs    # Errors  Last Runtime    Last Run
--------------------------------------  -----  ---------  --------  ----------  --------------  -------------------
/opt/airflow/dags/training_pipeline.py    185  0.00s             1           0  0.06s           2026-04-20T06:37:47
================================================================================
[2026-04-20T06:38:47.765+0000] {manager.py:879} INFO - 
================================================================================
DAG File Processing Stats

File Path                                 PID  Runtime      # DAGs    # Errors  Last Runtime    Last Run
--------------------------------------  -----  ---------  --------  ----------  --------------  -------------------
/opt/airflow/dags/training_pipeline.py    196  0.00s             1           0  0.07s           2026-04-20T06:38:17
================================================================================
[2026-04-20T06:39:17.877+0000] {manager.py:879} INFO - 
================================================================================
DAG File Processing Stats

File Path                                 PID  Runtime      # DAGs    # Errors  Last Runtime    Last Run
--------------------------------------  -----  ---------  --------  ----------  --------------  -------------------
/opt/airflow/dags/training_pipeline.py    201  0.00s             1           0  0.08s           2026-04-20T06:38:47
================================================================================
[2026-04-20T06:39:48.008+0000] {manager.py:879} INFO - 
================================================================================
DAG File Processing Stats

File Path                                 PID  Runtime      # DAGs    # Errors  Last Runtime    Last Run
--------------------------------------  -----  ---------  --------  ----------  --------------  -------------------
/opt/airflow/dags/training_pipeline.py    206  0.00s             1           0  0.07s           2026-04-20T06:39:17
================================================================================
[2026-04-20T06:40:18.113+0000] {manager.py:879} INFO - 
================================================================================
DAG File Processing Stats

File Path                                 PID  Runtime      # DAGs    # Errors  Last Runtime    Last Run
--------------------------------------  -----  ---------  --------  ----------  --------------  -------------------
/opt/airflow/dags/training_pipeline.py    211  0.00s             1           0  0.07s           2026-04-20T06:39:48
================================================================================
[2026-04-20T06:40:48.237+0000] {manager.py:879} INFO - 
================================================================================
DAG File Processing Stats

File Path                                 PID  Runtime      # DAGs    # Errors  Last Runtime    Last Run
--------------------------------------  -----  ---------  --------  ----------  --------------  -------------------
/opt/airflow/dags/training_pipeline.py    216  0.00s             1           0  0.07s           2026-04-20T06:40:18
================================================================================
[2026-04-20T06:41:18.344+0000] {manager.py:879} INFO - 
================================================================================
DAG File Processing Stats

File Path                                 PID  Runtime      # DAGs    # Errors  Last Runtime    Last Run
--------------------------------------  -----  ---------  --------  ----------  --------------  -------------------
/opt/airflow/dags/training_pipeline.py    221  0.00s             1           0  0.07s           2026-04-20T06:40:48
================================================================================
[2026-04-20T06:41:47.472+0000] {manager.py:738} INFO - Searching for files in /opt/airflow/dags
[2026-04-20T06:41:47.473+0000] {manager.py:741} INFO - There are 1 files in /opt/airflow/dags
[2026-04-20T06:41:48.488+0000] {manager.py:879} INFO - 
================================================================================
DAG File Processing Stats

File Path                                 PID  Runtime      # DAGs    # Errors  Last Runtime    Last Run
--------------------------------------  -----  ---------  --------  ----------  --------------  -------------------
/opt/airflow/dags/training_pipeline.py    226  0.00s             1           0  0.07s           2026-04-20T06:41:18
================================================================================
[2026-04-20T06:42:18.592+0000] {manager.py:879} INFO - 
================================================================================
DAG File Processing Stats

File Path                                 PID  Runtime      # DAGs    # Errors  Last Runtime    Last Run
--------------------------------------  -----  ---------  --------  ----------  --------------  -------------------
/opt/airflow/dags/training_pipeline.py    231  0.00s             1           0  0.09s           2026-04-20T06:41:48
================================================================================
[2026-04-20T06:42:48.746+0000] {manager.py:879} INFO - 
================================================================================
DAG File Processing Stats

File Path                                 PID  Runtime      # DAGs    # Errors  Last Runtime    Last Run
--------------------------------------  -----  ---------  --------  ----------  --------------  -------------------
/opt/airflow/dags/training_pipeline.py    236  0.00s             1           0  0.08s           2026-04-20T06:42:18
================================================================================
[2026-04-20T06:43:18.849+0000] {manager.py:879} INFO - 
================================================================================
DAG File Processing Stats

File Path                                 PID  Runtime      # DAGs    # Errors  Last Runtime    Last Run
--------------------------------------  -----  ---------  --------  ----------  --------------  -------------------
/opt/airflow/dags/training_pipeline.py    241  0.00s             1           0  0.06s           2026-04-20T06:42:48
================================================================================
[2026-04-20T06:43:48.979+0000] {manager.py:879} INFO - 
================================================================================
DAG File Processing Stats

File Path                                 PID  Runtime      # DAGs    # Errors  Last Runtime    Last Run
--------------------------------------  -----  ---------  --------  ----------  --------------  -------------------
/opt/airflow/dags/training_pipeline.py    252  0.00s             1           0  0.07s           2026-04-20T06:43:18
================================================================================
[2026-04-20T06:44:19.099+0000] {manager.py:879} INFO - 
================================================================================
DAG File Processing Stats

File Path                                 PID  Runtime      # DAGs    # Errors  Last Runtime    Last Run
--------------------------------------  -----  ---------  --------  ----------  --------------  -------------------
/opt/airflow/dags/training_pipeline.py    257  0.00s             1           0  0.08s           2026-04-20T06:43:49
================================================================================
[2026-04-20T06:44:49.233+0000] {manager.py:879} INFO - 
================================================================================
DAG File Processing Stats

File Path                                 PID  Runtime      # DAGs    # Errors  Last Runtime    Last Run
--------------------------------------  -----  ---------  --------  ----------  --------------  -------------------
/opt/airflow/dags/training_pipeline.py    262  0.00s             1           0  0.08s           2026-04-20T06:44:19
================================================================================
[2026-04-20T06:45:19.354+0000] {manager.py:879} INFO - 
================================================================================
DAG File Processing Stats

File Path                                 PID  Runtime      # DAGs    # Errors  Last Runtime    Last Run
--------------------------------------  -----  ---------  --------  ----------  --------------  -------------------
/opt/airflow/dags/training_pipeline.py    267  0.00s             1           0  0.07s           2026-04-20T06:44:49
================================================================================
[2026-04-20T06:45:49.480+0000] {manager.py:879} INFO - 
================================================================================
DAG File Processing Stats

File Path                                 PID  Runtime      # DAGs    # Errors  Last Runtime    Last Run
--------------------------------------  -----  ---------  --------  ----------  --------------  -------------------
/opt/airflow/dags/training_pipeline.py    272  0.00s             1           0  0.08s           2026-04-20T06:45:19
================================================================================
[2026-04-20T06:46:19.605+0000] {manager.py:879} INFO - 
================================================================================
DAG File Processing Stats

File Path                                 PID  Runtime      # DAGs    # Errors  Last Runtime    Last Run
--------------------------------------  -----  ---------  --------  ----------  --------------  -------------------
/opt/airflow/dags/training_pipeline.py    277  0.00s             1           0  0.07s           2026-04-20T06:45:49
================================================================================
[2026-04-20T06:46:47.702+0000] {manager.py:738} INFO - Searching for files in /opt/airflow/dags
[2026-04-20T06:46:47.703+0000] {manager.py:741} INFO - There are 1 files in /opt/airflow/dags
[2026-04-20T06:46:49.720+0000] {manager.py:879} INFO - 
================================================================================
DAG File Processing Stats

File Path                                 PID  Runtime      # DAGs    # Errors  Last Runtime    Last Run
--------------------------------------  -----  ---------  --------  ----------  --------------  -------------------
/opt/airflow/dags/training_pipeline.py    282  0.00s             1           0  0.07s           2026-04-20T06:46:19
================================================================================
[2026-04-20T06:47:19.852+0000] {manager.py:879} INFO - 
================================================================================
DAG File Processing Stats

File Path                                 PID  Runtime      # DAGs    # Errors  Last Runtime    Last Run
--------------------------------------  -----  ---------  --------  ----------  --------------  -------------------
/opt/airflow/dags/training_pipeline.py    287  0.00s             1           0  0.07s           2026-04-20T06:46:49
================================================================================
[2026-04-20T06:47:49.965+0000] {manager.py:879} INFO - 
================================================================================
DAG File Processing Stats

File Path                                 PID  Runtime      # DAGs    # Errors  Last Runtime    Last Run
--------------------------------------  -----  ---------  --------  ----------  --------------  -------------------
/opt/airflow/dags/training_pipeline.py    292  0.00s             1           0  0.07s           2026-04-20T06:47:19
================================================================================
[2026-04-20T06:48:20.096+0000] {manager.py:879} INFO - 
================================================================================
DAG File Processing Stats

File Path                                 PID  Runtime      # DAGs    # Errors  Last Runtime    Last Run
--------------------------------------  -----  ---------  --------  ----------  --------------  -------------------
/opt/airflow/dags/training_pipeline.py    297  0.00s             1           0  0.07s           2026-04-20T06:47:50
================================================================================
[2026-04-20T06:48:37.294+0000] {manager.py:451} INFO - Exiting gracefully upon receiving signal 15
[2026-04-20T06:55:09.230+0000] {manager.py:469} INFO - Processing files using up to 2 processes at a time 
[2026-04-20T06:55:09.231+0000] {manager.py:470} INFO - Process each file at most once every 30 seconds
[2026-04-20T06:55:09.231+0000] {manager.py:471} INFO - Checking for new files in /opt/airflow/dags every 300 seconds
[2026-04-20T06:55:09.231+0000] {manager.py:738} INFO - Searching for files in /opt/airflow/dags
[2026-04-20T06:55:09.231+0000] {manager.py:741} INFO - There are 1 files in /opt/airflow/dags
[2026-04-20T06:55:09.277+0000] {manager.py:879} INFO - 
================================================================================
DAG File Processing Stats

File Path                                 PID  Runtime      # DAGs    # Errors  Last Runtime    Last Run
--------------------------------------  -----  ---------  --------  ----------  --------------  ----------
/opt/airflow/dags/training_pipeline.py    170  0.02s             0           0
================================================================================
[2026-04-20T06:55:39.370+0000] {manager.py:879} INFO - 
================================================================================
DAG File Processing Stats

File Path                                 PID  Runtime      # DAGs    # Errors  Last Runtime    Last Run
--------------------------------------  -----  ---------  --------  ----------  --------------  -------------------
/opt/airflow/dags/training_pipeline.py    176  0.00s             1           0  0.09s           2026-04-20T06:55:09
================================================================================
[2026-04-20T06:56:09.509+0000] {manager.py:879} INFO - 
================================================================================
DAG File Processing Stats

File Path                               PID    Runtime      # DAGs    # Errors  Last Runtime    Last Run
--------------------------------------  -----  ---------  --------  ----------  --------------  -------------------
/opt/airflow/dags/training_pipeline.py                           1           0  0.20s           2026-04-20T06:55:39
================================================================================
[2026-04-20T06:56:39.796+0000] {manager.py:879} INFO - 
================================================================================
DAG File Processing Stats

File Path                               PID    Runtime      # DAGs    # Errors  Last Runtime    Last Run
--------------------------------------  -----  ---------  --------  ----------  --------------  -------------------
/opt/airflow/dags/training_pipeline.py                           1           0  0.09s           2026-04-20T06:56:34
================================================================================
[2026-04-20T06:57:09.901+0000] {manager.py:879} INFO - 
================================================================================
DAG File Processing Stats

File Path                               PID    Runtime      # DAGs    # Errors  Last Runtime    Last Run
--------------------------------------  -----  ---------  --------  ----------  --------------  -------------------
/opt/airflow/dags/training_pipeline.py                           1           0  0.07s           2026-04-20T06:57:04
================================================================================
[2026-04-20T06:57:11.122+0000] {manager.py:451} INFO - Exiting gracefully upon receiving signal 15
[2026-04-20T06:57:45.000+0000] {manager.py:469} INFO - Processing files using up to 2 processes at a time 
[2026-04-20T06:57:45.001+0000] {manager.py:470} INFO - Process each file at most once every 30 seconds
[2026-04-20T06:57:45.002+0000] {manager.py:471} INFO - Checking for new files in /opt/airflow/dags every 300 seconds
[2026-04-20T06:57:45.002+0000] {manager.py:738} INFO - Searching for files in /opt/airflow/dags
[2026-04-20T06:57:45.003+0000] {manager.py:741} INFO - There are 1 files in /opt/airflow/dags
[2026-04-20T06:57:45.096+0000] {manager.py:879} INFO - 
================================================================================
DAG File Processing Stats

File Path                                 PID  Runtime      # DAGs    # Errors  Last Runtime    Last Run
--------------------------------------  -----  ---------  --------  ----------  --------------  ----------
/opt/airflow/dags/training_pipeline.py    170  0.06s             0           0
================================================================================
[2026-04-20T06:57:46.674+0000] {manager.py:451} INFO - Exiting gracefully upon receiving signal 15
